ASxxxx Linker V03.00 + NoICE + sdld,  page 1.
Hexadecimal  [32-Bits]

Area                                    Addr        Size        Decimal Bytes (Attributes)
--------------------------------        ----        ----        ------- ----- ------------
.  .ABS.                            00000000    00000000 =           0. bytes (ABS,CON)

      Value  Global                              Global Defined In Module
      -----  --------------------------------   ------------------------
     00000000  .__.ABS.                           
     00000000  l__CABS                         
     00000000  l__DABS                         
     00000000  l__GSFINAL                      
     00000000  l__HEADER                       
     00000000  l__HEAP                         
     00000000  l__LIT                          
     00000000  s__CABS                         
     00000000  s__DABS                         
     00000000  s__HEADER                       
     00000000  s__HEADER0                      
     00000000  s__HEADER1                      
     00000000  s__HEADER10                     
     00000000  s__HEADER11                     
     00000000  s__HEADER12                     
     00000000  s__HEADER2                      
     00000000  s__HEADER3                      
     00000000  s__HEADER4                      
     00000000  s__HEADER5                      
     00000000  s__HEADER6                      
     00000000  s__HEADER7                      
     00000000  s__HEADER8                      
     00000000  s__HEADER9                      
     00000000  s__HEADERa                      
     00000000  s__HEADERb                      
     00000000  s__HEADERc                      
     00000000  s__HEADERd                      
     00000000  s__HEADERe                      
     00000000  s__HEADERf                      
     00000001  l__GSINITTAIL                   
     00000001  l__HEADER0                      
     00000001  l__HEADER12                     
     00000001  l__HEADERa                      
     00000001  l__HEADERb                      
     00000001  l__HEADERc                      
     00000001  l__HEADERe                      
     00000001  l__HEADERf                      
     00000002  l__HEADER10                     
     00000002  l__HEADERd                      
     00000003  l__HEADER9                      
     00000006  l__HEADER8                      
     00000007  l__HEADER2                      
     00000007  l__HEADER3                      
     00000007  l__HEADER4                      
     00000007  l__HEADER5                      
     00000010  l__HEADER1                      
     0000001F  l__HEADER6                      
     00000034  l__HEADER7                      
     00000059  l__BSS                          
     00000085  l__HEADER11                     
ASxxxx Linker V03.00 + NoICE + sdld,  page 2.
Hexadecimal  [32-Bits]

Area                                    Addr        Size        Decimal Bytes (Attributes)
--------------------------------        ----        ----        ------- ----- ------------
.  .ABS.                            00000000    00000000 =           0. bytes (ABS,CON)

      Value  Global                              Global Defined In Module
      -----  --------------------------------   ------------------------
     000001AC  l__HOME                         
     000001D6  l__BASE                         
     00000200  s__CODE                         
     0000075D  l__CODE                         
     0000095D  s__HOME                         
     00000A78  l__DATA                         
     00000B09  s__BASE                         
     00000CDF  s__GSINIT                       
     00000CDF  s__LIT                          
     00003458  l__GSINIT                       
     00004137  s__GSINITTAIL                   
     00004138  s__GSFINAL                      
     0000C0A0  s__DATA                         
     0000CB18  s__BSS                          
     0000CB71  s__HEAP                         

ASxxxx Linker V03.00 + NoICE + sdld,  page 3.
Hexadecimal  [32-Bits]

Area                                    Addr        Size        Decimal Bytes (Attributes)
--------------------------------        ----        ----        ------- ----- ------------
_CODE                               00000200    0000075D =        1885. bytes (REL,CON)

      Value  Global                              Global Defined In Module
      -----  --------------------------------   ------------------------
     00000200  _set_text_map                      thumby
     00000200  _set_text_map_start                thumby
     00000323  _clear_window                      thumby
     00000323  _clear_window_start                thumby
     00000323  _set_text_map_end                  thumby
     00000344  _clear_window_end                  thumby
     00000344  _divide_ubyte                      thumby
     00000344  _divide_ubyte_start                thumby
     00000356  _divide_ubyte_end                  thumby
     00000356  _scroll_text                       thumby
     00000356  _scroll_text_start                 thumby
     000003AE  _scroll_text_end                   thumby
     000003AE  _sleep                             thumby
     000003AE  _sleep_start                       thumby
     000003BE  _process_button_press              thumby
     000003BE  _process_button_press_start        thumby
     000003BE  _sleep_end                         thumby
     00000486  _process_button_press_end          thumby
     00000486  _set_girl_sprite                   thumby
     00000486  _set_girl_sprite_start             thumby
     0000049D  _set_girl_sprite_end               thumby
     0000049D  _update_girl_sprite                thumby
     0000049D  _update_girl_sprite_start          thumby
     00000538  _check_level_one                   thumby
     00000538  _check_level_one_start             thumby
     00000538  _update_girl_sprite_end            thumby
     000006C0  _check_level_one_end               thumby
     000006C0  _pass_level_one                    thumby
     000006C0  _pass_level_one_start              thumby
     000006F3  _pass_level_one_end                thumby
     0000072B  _show_text                         thumby
     0000072B  _show_text_start                   thumby
     00000751  _main                              thumby
     00000751  _main_start                        thumby
     00000751  _show_text_end                     thumby
     000008CE  _main_end                          thumby
     00000907  _memset                            _memset
     00000907  _memset_start                      _memset
     0000093C  _memset_end                        _memset
     0000093C  _strlen                            _strlen
     0000093C  _strlen_start                      _strlen
     0000095D  _strlen_end                        _strlen
ASxxxx Linker V03.00 + NoICE + sdld,  page 4.
Hexadecimal  [32-Bits]

Area                                    Addr        Size        Decimal Bytes (Attributes)
--------------------------------        ----        ----        ------- ----- ------------
_HEADER0                            00000000    00000001 =           1. bytes (ABS,CON)

      Value  Global                              Global Defined In Module
      -----  --------------------------------   ------------------------
ASxxxx Linker V03.00 + NoICE + sdld,  page 5.
Hexadecimal  [32-Bits]

Area                                    Addr        Size        Decimal Bytes (Attributes)
--------------------------------        ----        ----        ------- ----- ------------
_HEADER1                            00000000    00000010 =          16. bytes (ABS,CON)

      Value  Global                              Global Defined In Module
      -----  --------------------------------   ------------------------
ASxxxx Linker V03.00 + NoICE + sdld,  page 6.
Hexadecimal  [32-Bits]

Area                                    Addr        Size        Decimal Bytes (Attributes)
--------------------------------        ----        ----        ------- ----- ------------
_HEADER2                            00000000    00000007 =           7. bytes (ABS,CON)

      Value  Global                              Global Defined In Module
      -----  --------------------------------   ------------------------
ASxxxx Linker V03.00 + NoICE + sdld,  page 7.
Hexadecimal  [32-Bits]

Area                                    Addr        Size        Decimal Bytes (Attributes)
--------------------------------        ----        ----        ------- ----- ------------
_HEADER3                            00000000    00000007 =           7. bytes (ABS,CON)

      Value  Global                              Global Defined In Module
      -----  --------------------------------   ------------------------
ASxxxx Linker V03.00 + NoICE + sdld,  page 8.
Hexadecimal  [32-Bits]

Area                                    Addr        Size        Decimal Bytes (Attributes)
--------------------------------        ----        ----        ------- ----- ------------
_HEADER4                            00000000    00000007 =           7. bytes (ABS,CON)

      Value  Global                              Global Defined In Module
      -----  --------------------------------   ------------------------
ASxxxx Linker V03.00 + NoICE + sdld,  page 9.
Hexadecimal  [32-Bits]

Area                                    Addr        Size        Decimal Bytes (Attributes)
--------------------------------        ----        ----        ------- ----- ------------
_HEADER5                            00000000    00000007 =           7. bytes (ABS,CON)

      Value  Global                              Global Defined In Module
      -----  --------------------------------   ------------------------
ASxxxx Linker V03.00 + NoICE + sdld,  page 10.
Hexadecimal  [32-Bits]

Area                                    Addr        Size        Decimal Bytes (Attributes)
--------------------------------        ----        ----        ------- ----- ------------
_HEADER6                            00000000    0000001F =          31. bytes (ABS,CON)

      Value  Global                              Global Defined In Module
      -----  --------------------------------   ------------------------
ASxxxx Linker V03.00 + NoICE + sdld,  page 11.
Hexadecimal  [32-Bits]

Area                                    Addr        Size        Decimal Bytes (Attributes)
--------------------------------        ----        ----        ------- ----- ------------
_HEADER7                            00000000    00000034 =          52. bytes (ABS,CON)

      Value  Global                              Global Defined In Module
      -----  --------------------------------   ------------------------
ASxxxx Linker V03.00 + NoICE + sdld,  page 12.
Hexadecimal  [32-Bits]

Area                                    Addr        Size        Decimal Bytes (Attributes)
--------------------------------        ----        ----        ------- ----- ------------
_HEADER8                            00000000    00000006 =           6. bytes (ABS,CON)

      Value  Global                              Global Defined In Module
      -----  --------------------------------   ------------------------
ASxxxx Linker V03.00 + NoICE + sdld,  page 13.
Hexadecimal  [32-Bits]

Area                                    Addr        Size        Decimal Bytes (Attributes)
--------------------------------        ----        ----        ------- ----- ------------
_HEADER9                            00000000    00000003 =           3. bytes (ABS,CON)

      Value  Global                              Global Defined In Module
      -----  --------------------------------   ------------------------
ASxxxx Linker V03.00 + NoICE + sdld,  page 14.
Hexadecimal  [32-Bits]

Area                                    Addr        Size        Decimal Bytes (Attributes)
--------------------------------        ----        ----        ------- ----- ------------
_HEADERa                            00000000    00000001 =           1. bytes (ABS,CON)

      Value  Global                              Global Defined In Module
      -----  --------------------------------   ------------------------
ASxxxx Linker V03.00 + NoICE + sdld,  page 15.
Hexadecimal  [32-Bits]

Area                                    Addr        Size        Decimal Bytes (Attributes)
--------------------------------        ----        ----        ------- ----- ------------
_HEADERb                            00000000    00000001 =           1. bytes (ABS,CON)

      Value  Global                              Global Defined In Module
      -----  --------------------------------   ------------------------
ASxxxx Linker V03.00 + NoICE + sdld,  page 16.
Hexadecimal  [32-Bits]

Area                                    Addr        Size        Decimal Bytes (Attributes)
--------------------------------        ----        ----        ------- ----- ------------
_HEADERc                            00000000    00000001 =           1. bytes (ABS,CON)

      Value  Global                              Global Defined In Module
      -----  --------------------------------   ------------------------
ASxxxx Linker V03.00 + NoICE + sdld,  page 17.
Hexadecimal  [32-Bits]

Area                                    Addr        Size        Decimal Bytes (Attributes)
--------------------------------        ----        ----        ------- ----- ------------
_HEADERd                            00000000    00000002 =           2. bytes (ABS,CON)

      Value  Global                              Global Defined In Module
      -----  --------------------------------   ------------------------
ASxxxx Linker V03.00 + NoICE + sdld,  page 18.
Hexadecimal  [32-Bits]

Area                                    Addr        Size        Decimal Bytes (Attributes)
--------------------------------        ----        ----        ------- ----- ------------
_HEADERe                            00000000    00000001 =           1. bytes (ABS,CON)

      Value  Global                              Global Defined In Module
      -----  --------------------------------   ------------------------
ASxxxx Linker V03.00 + NoICE + sdld,  page 19.
Hexadecimal  [32-Bits]

Area                                    Addr        Size        Decimal Bytes (Attributes)
--------------------------------        ----        ----        ------- ----- ------------
_HEADERf                            00000000    00000001 =           1. bytes (ABS,CON)

      Value  Global                              Global Defined In Module
      -----  --------------------------------   ------------------------
ASxxxx Linker V03.00 + NoICE + sdld,  page 20.
Hexadecimal  [32-Bits]

Area                                    Addr        Size        Decimal Bytes (Attributes)
--------------------------------        ----        ----        ------- ----- ------------
_HEADER10                           00000000    00000002 =           2. bytes (ABS,CON)

      Value  Global                              Global Defined In Module
      -----  --------------------------------   ------------------------
ASxxxx Linker V03.00 + NoICE + sdld,  page 21.
Hexadecimal  [32-Bits]

Area                                    Addr        Size        Decimal Bytes (Attributes)
--------------------------------        ----        ----        ------- ----- ------------
_HEADER11                           00000000    00000085 =         133. bytes (ABS,CON)

      Value  Global                              Global Defined In Module
      -----  --------------------------------   ------------------------
     000001D2  _exit                              Runtime

ASxxxx Linker V03.00 + NoICE + sdld,  page 22.
Hexadecimal  [32-Bits]

Area                                    Addr        Size        Decimal Bytes (Attributes)
--------------------------------        ----        ----        ------- ----- ------------
_HEADER12                           00000000    00000001 =           1. bytes (ABS,CON)

      Value  Global                              Global Defined In Module
      -----  --------------------------------   ------------------------
ASxxxx Linker V03.00 + NoICE + sdld,  page 23.
Hexadecimal  [32-Bits]

Area                                    Addr        Size        Decimal Bytes (Attributes)
--------------------------------        ----        ----        ------- ----- ------------
_HOME                               0000095D    000001AC =         428. bytes (REL,CON)

      Value  Global                              Global Defined In Module
      -----  --------------------------------   ------------------------
     0000095D  .set_mode                          Runtime
     0000096D  .remove_VBL                        Runtime
     00000973  .remove_LCD                        Runtime
     00000979  .remove_TIM                        Runtime
     0000097F  .remove_SIO                        Runtime
     00000985  .remove_JOY                        Runtime
     0000098B  .add_VBL                           Runtime
     00000991  .add_LCD                           Runtime
     00000997  .add_TIM                           Runtime
     0000099D  .add_SIO                           Runtime
     000009A3  .add_JOY                           Runtime
     000009A9  .remove_int                        Runtime
     000009C9  .add_int                           Runtime
     000009E5  .wait_vbl_done                     Runtime
     000009E5  _wait_vbl_done                     Runtime
     000009FC  .display_off                       Runtime
     000009FC  _display_off                       Runtime
     00000A1D  .serial_IO                         Runtime
     00000A4C  _mode                              Runtime
     00000A55  _get_mode                          Runtime
     00000A5A  _enable_interrupts                 Runtime
     00000A5C  _disable_interrupts                Runtime
     00000A5E  .reset                             Runtime
     00000A5E  _reset                             Runtime
     00000A64  _set_interrupts                    Runtime
     00000A6F  _remove_VBL                        Runtime
     00000A7A  _remove_LCD                        Runtime
     00000A85  _remove_TIM                        Runtime
     00000A90  _remove_SIO                        Runtime
     00000A9B  _remove_JOY                        Runtime
     00000AA6  _add_VBL                           Runtime
     00000AB1  _add_LCD                           Runtime
     00000ABC  _add_TIM                           Runtime
     00000AC7  _add_SIO                           Runtime
     00000AD2  _add_JOY                           Runtime
     00000ADD  _clock                             Runtime
     00000AE6  __printTStates                     Runtime
     00000AE7  banked_call                        Runtime
     00000B00  banked_ret                         Runtime
ASxxxx Linker V03.00 + NoICE + sdld,  page 24.
Hexadecimal  [32-Bits]

Area                                    Addr        Size        Decimal Bytes (Attributes)
--------------------------------        ----        ----        ------- ----- ------------
_BASE                               00000B09    000001D6 =         470. bytes (REL,CON)

      Value  Global                              Global Defined In Module
      -----  --------------------------------   ------------------------
     00000B09  _move_win                          
     00000B12  .padup                             
     00000B12  _waitpadup                         
     00000B22  .jpad                              
     00000B4F  .wait_pad                          
     00000B56  _joypad                            
     00000B5B  _waitpad                           
     00000B65  .mv_sprite                         
     00000B74  _move_sprite                       
     00000B81  _set_bkg_data                      
     00000B81  _set_win_data                      
     00000BCE  _set_sprite_data                   
     00000BFD  _set_win_tiles                     
     00000C11  .get_sprite_tile                   
     00000C1E  _get_sprite_tile                   
     00000C27  .set_sprite_tile                   
     00000C34  _set_sprite_tile                   
     00000C3F  .copy_vram                         
     00000C4E  _get_data                          
     00000C4E  _set_data                          
     00000C61  _set_bkg_tiles                     
     00000C75  .set_xy_wtt                        
     00000C86  .set_xy_btt                        
     00000C95  .set_xy_tt                         
     00000CC6  _set_tiles                         

ASxxxx Linker V03.00 + NoICE + sdld,  page 25.
Hexadecimal  [32-Bits]

Area                                    Addr        Size        Decimal Bytes (Attributes)
--------------------------------        ----        ----        ------- ----- ------------
_GSINIT                             00000CDF    00003458 =       13400. bytes (REL,CON)

      Value  Global                              Global Defined In Module
      -----  --------------------------------   ------------------------
     00000CDF  gsinit                             Runtime

ASxxxx Linker V03.00 + NoICE + sdld,  page 26.
Hexadecimal  [32-Bits]

Area                                    Addr        Size        Decimal Bytes (Attributes)
--------------------------------        ----        ----        ------- ----- ------------
_GSINITTAIL                         00004137    00000001 =           1. bytes (REL,CON)

      Value  Global                              Global Defined In Module
      -----  --------------------------------   ------------------------
ASxxxx Linker V03.00 + NoICE + sdld,  page 27.
Hexadecimal  [32-Bits]

Area                                    Addr        Size        Decimal Bytes (Attributes)
--------------------------------        ----        ----        ------- ----- ------------
_DATA                               0000C0A0    00000A78 =        2680. bytes (REL,CON)

      Value  Global                              Global Defined In Module
      -----  --------------------------------   ------------------------
     0000C0A0  _grass_tiles                       thumby
     0000C0F0  _grass_field                       thumby
     0000C4F0  _girl_tiles                        thumby
     0000C5F0  _girl_pj_tiles                     thumby
     0000C6F0  _window_border                     thumby
     0000C780  _text_box                          thumby
     0000C7F8  _alphabet                          thumby
     0000CAE8  _arrow_tile                        thumby
     0000CAF8  _text_map                          thumby
ASxxxx Linker V03.00 + NoICE + sdld,  page 28.
Hexadecimal  [32-Bits]

Area                                    Addr        Size        Decimal Bytes (Attributes)
--------------------------------        ----        ----        ------- ----- ------------
_BSS                                0000CB18    00000059 =          89. bytes (REL,CON)

      Value  Global                              Global Defined In Module
      -----  --------------------------------   ------------------------
     0000CB18  __cpu                              Runtime
     0000CB19  .mode                              Runtime
     0000CB1A  __io_out                           Runtime
     0000CB1B  __io_in                            Runtime
     0000CB1C  __io_status                        Runtime
     0000CB1D  .vbl_done                          Runtime
     0000CB1E  __current_bank                     Runtime
     0000CB1F  .sys_time                          Runtime
     0000CB1F  _sys_time                          Runtime
     0000CB21  .int_0x40                          Runtime
     0000CB31  .int_0x48                          Runtime
     0000CB41  .int_0x50                          Runtime
     0000CB51  .int_0x58                          Runtime
     0000CB61  .int_0x60                          Runtime

ASxxxx Linker V03.00 + NoICE + sdld,  page 29.
Hexadecimal  [32-Bits]

Area                                    Addr        Size        Decimal Bytes (Attributes)
--------------------------------        ----        ----        ------- ----- ------------
_HEAP                               0000CB71    00000000 =           0. bytes (REL,CON)

      Value  Global                              Global Defined In Module
      -----  --------------------------------   ------------------------
     0000CB71  _malloc_heap_start                 Runtime

ASxxxx Linker V03.00 + NoICE + sdld,  page 30.

Files Linked                              [ module(s) ]

/home/ahris/Dropbox/LinuxDocuments/AdultWork/CTF2017/gbdk-n/bin/../lib/crt0.rel
                                          [ Runtime ]
./obj/thumby.rel                          [ thumby ]


Libraries Linked                          [ object file ]

/home/ahris/Dropbox/LinuxDocuments/AdultWork/CTF2017/gbdk-n/bin/../lib/gb.lib
                                          [ mv_win ]
/home/ahris/Dropbox/LinuxDocuments/AdultWork/CTF2017/gbdk-n/bin/../lib/gb.lib
                                          [ pad ]
/home/ahris/Dropbox/LinuxDocuments/AdultWork/CTF2017/gbdk-n/bin/../lib/gb.lib
                                          [ mv_spr ]
/home/ahris/Dropbox/LinuxDocuments/AdultWork/CTF2017/gbdk-n/bin/../lib/gb.lib
                                          [ set_data ]
/home/ahris/Dropbox/LinuxDocuments/AdultWork/CTF2017/gbdk-n/bin/../lib/gb.lib
                                          [ set_wi_t ]
/home/ahris/Dropbox/LinuxDocuments/AdultWork/CTF2017/gbdk-n/bin/../lib/gb.lib
                                          [ get_spr ]
/usr/bin/../share/sdcc/lib/gbz80/gbz80.lib
                                          [ _memset.rel ]
/home/ahris/Dropbox/LinuxDocuments/AdultWork/CTF2017/gbdk-n/bin/../lib/gb.lib
                                          [ set_spr ]
/usr/bin/../share/sdcc/lib/gbz80/gbz80.lib
                                          [ _strlen.rel ]
/home/ahris/Dropbox/LinuxDocuments/AdultWork/CTF2017/gbdk-n/bin/../lib/gb.lib
                                          [ cpy_data ]
/home/ahris/Dropbox/LinuxDocuments/AdultWork/CTF2017/gbdk-n/bin/../lib/gb.lib
                                          [ set_bk_t ]
/home/ahris/Dropbox/LinuxDocuments/AdultWork/CTF2017/gbdk-n/bin/../lib/gb.lib
                                          [ set_xy_t ]

ASxxxx Linker V03.00 + NoICE + sdld,  page 31.

User Base Address Definitions

_CODE = 0x0200
_DATA = 0xc0a0

