ASxxxx Linker V03.00 + NoICE + sdld,  page 1.
Hexadecimal  [32-Bits]

Area                                    Addr        Size        Decimal Bytes (Attributes)
--------------------------------        ----        ----        ------- ----- ------------
.  .ABS.                            00000000    00000000 =           0. bytes (ABS,CON)

      Value  Global                              Global Defined In Module
      -----  --------------------------------   ------------------------
     00000000  .__.ABS.                           
     00000000  l__CABS                         
     00000000  l__DABS                         
     00000000  l__GSFINAL                      
     00000000  l__HEADER                       
     00000000  l__HEAP                         
     00000000  l__LIT                          
     00000000  s__CABS                         
     00000000  s__DABS                         
     00000000  s__HEADER                       
     00000000  s__HEADER0                      
     00000000  s__HEADER1                      
     00000000  s__HEADER10                     
     00000000  s__HEADER11                     
     00000000  s__HEADER12                     
     00000000  s__HEADER2                      
     00000000  s__HEADER3                      
     00000000  s__HEADER4                      
     00000000  s__HEADER5                      
     00000000  s__HEADER6                      
     00000000  s__HEADER7                      
     00000000  s__HEADER8                      
     00000000  s__HEADER9                      
     00000000  s__HEADERa                      
     00000000  s__HEADERb                      
     00000000  s__HEADERc                      
     00000000  s__HEADERd                      
     00000000  s__HEADERe                      
     00000000  s__HEADERf                      
     00000001  l__GSINITTAIL                   
     00000001  l__HEADER0                      
     00000001  l__HEADER12                     
     00000001  l__HEADERa                      
     00000001  l__HEADERb                      
     00000001  l__HEADERc                      
     00000001  l__HEADERe                      
     00000001  l__HEADERf                      
     00000002  l__HEADER10                     
     00000002  l__HEADERd                      
     00000003  l__HEADER9                      
     00000006  l__HEADER8                      
     00000007  l__HEADER2                      
     00000007  l__HEADER3                      
     00000007  l__HEADER4                      
     00000007  l__HEADER5                      
     00000010  l__HEADER1                      
     0000001F  l__HEADER6                      
     00000034  l__HEADER7                      
     00000059  l__BSS                          
     00000085  l__HEADER11                     
ASxxxx Linker V03.00 + NoICE + sdld,  page 2.
Hexadecimal  [32-Bits]

Area                                    Addr        Size        Decimal Bytes (Attributes)
--------------------------------        ----        ----        ------- ----- ------------
.  .ABS.                            00000000    00000000 =           0. bytes (ABS,CON)

      Value  Global                              Global Defined In Module
      -----  --------------------------------   ------------------------
     000001AC  l__HOME                         
     00000200  s__CODE                         
     00000253  l__BASE                         
     00000848  l__CODE                         
     00000A48  s__HOME                         
     00000ACC  l__DATA                         
     00000BF4  s__BASE                         
     00000E47  s__GSINIT                       
     00000E47  s__LIT                          
     000035FC  l__GSINIT                       
     00004443  s__GSINITTAIL                   
     00004444  s__GSFINAL                      
     0000C0A0  s__DATA                         
     0000CB6C  s__BSS                          
     0000CBC5  s__HEAP                         

ASxxxx Linker V03.00 + NoICE + sdld,  page 3.
Hexadecimal  [32-Bits]

Area                                    Addr        Size        Decimal Bytes (Attributes)
--------------------------------        ----        ----        ------- ----- ------------
_CODE                               00000200    00000848 =        2120. bytes (REL,CON)

      Value  Global                              Global Defined In Module
      -----  --------------------------------   ------------------------
     00000200  _set_text_map                      thumby
     00000200  _set_text_map_start                thumby
     00000322  _clear_window                      thumby
     00000322  _clear_window_start                thumby
     00000322  _set_text_map_end                  thumby
     00000343  _clear_window_end                  thumby
     00000343  _divide_ubyte                      thumby
     00000343  _divide_ubyte_start                thumby
     00000355  _divide_ubyte_end                  thumby
     00000355  _scroll_text                       thumby
     00000355  _scroll_text_start                 thumby
     000003AD  _scroll_text_end                   thumby
     000003AD  _sleep                             thumby
     000003AD  _sleep_start                       thumby
     000003BD  _process_button_press              thumby
     000003BD  _process_button_press_start        thumby
     000003BD  _sleep_end                         thumby
     00000481  _process_button_press_end          thumby
     00000481  _set_girl_sprite                   thumby
     00000481  _set_girl_sprite_start             thumby
     00000498  _set_girl_sprite_end               thumby
     00000498  _update_girl_sprite                thumby
     00000498  _update_girl_sprite_start          thumby
     00000533  _check_level_one                   thumby
     00000533  _check_level_one_start             thumby
     00000533  _update_girl_sprite_end            thumby
     000006EF  _check_level_one_end               thumby
     000006EF  _pass_level_one                    thumby
     000006EF  _pass_level_one_start              thumby
     00000750  _pass_level_one_end                thumby
     000007A6  _show_text                         thumby
     000007A6  _show_text_start                   thumby
     000007CC  _main                              thumby
     000007CC  _main_start                        thumby
     000007CC  _show_text_end                     thumby
     00000936  _main_end                          thumby
     0000096F  _memcmp                            _memcmp
     0000096F  _memcmp_start                      _memcmp
     000009F2  _memcmp_end                        _memcmp
     000009F2  _memset                            _memset
     000009F2  _memset_start                      _memset
     00000A27  _memset_end                        _memset
     00000A27  _strlen                            _strlen
     00000A27  _strlen_start                      _strlen
     00000A48  _strlen_end                        _strlen
ASxxxx Linker V03.00 + NoICE + sdld,  page 4.
Hexadecimal  [32-Bits]

Area                                    Addr        Size        Decimal Bytes (Attributes)
--------------------------------        ----        ----        ------- ----- ------------
_HEADER0                            00000000    00000001 =           1. bytes (ABS,CON)

      Value  Global                              Global Defined In Module
      -----  --------------------------------   ------------------------
ASxxxx Linker V03.00 + NoICE + sdld,  page 5.
Hexadecimal  [32-Bits]

Area                                    Addr        Size        Decimal Bytes (Attributes)
--------------------------------        ----        ----        ------- ----- ------------
_HEADER1                            00000000    00000010 =          16. bytes (ABS,CON)

      Value  Global                              Global Defined In Module
      -----  --------------------------------   ------------------------
ASxxxx Linker V03.00 + NoICE + sdld,  page 6.
Hexadecimal  [32-Bits]

Area                                    Addr        Size        Decimal Bytes (Attributes)
--------------------------------        ----        ----        ------- ----- ------------
_HEADER2                            00000000    00000007 =           7. bytes (ABS,CON)

      Value  Global                              Global Defined In Module
      -----  --------------------------------   ------------------------
ASxxxx Linker V03.00 + NoICE + sdld,  page 7.
Hexadecimal  [32-Bits]

Area                                    Addr        Size        Decimal Bytes (Attributes)
--------------------------------        ----        ----        ------- ----- ------------
_HEADER3                            00000000    00000007 =           7. bytes (ABS,CON)

      Value  Global                              Global Defined In Module
      -----  --------------------------------   ------------------------
ASxxxx Linker V03.00 + NoICE + sdld,  page 8.
Hexadecimal  [32-Bits]

Area                                    Addr        Size        Decimal Bytes (Attributes)
--------------------------------        ----        ----        ------- ----- ------------
_HEADER4                            00000000    00000007 =           7. bytes (ABS,CON)

      Value  Global                              Global Defined In Module
      -----  --------------------------------   ------------------------
ASxxxx Linker V03.00 + NoICE + sdld,  page 9.
Hexadecimal  [32-Bits]

Area                                    Addr        Size        Decimal Bytes (Attributes)
--------------------------------        ----        ----        ------- ----- ------------
_HEADER5                            00000000    00000007 =           7. bytes (ABS,CON)

      Value  Global                              Global Defined In Module
      -----  --------------------------------   ------------------------
ASxxxx Linker V03.00 + NoICE + sdld,  page 10.
Hexadecimal  [32-Bits]

Area                                    Addr        Size        Decimal Bytes (Attributes)
--------------------------------        ----        ----        ------- ----- ------------
_HEADER6                            00000000    0000001F =          31. bytes (ABS,CON)

      Value  Global                              Global Defined In Module
      -----  --------------------------------   ------------------------
ASxxxx Linker V03.00 + NoICE + sdld,  page 11.
Hexadecimal  [32-Bits]

Area                                    Addr        Size        Decimal Bytes (Attributes)
--------------------------------        ----        ----        ------- ----- ------------
_HEADER7                            00000000    00000034 =          52. bytes (ABS,CON)

      Value  Global                              Global Defined In Module
      -----  --------------------------------   ------------------------
ASxxxx Linker V03.00 + NoICE + sdld,  page 12.
Hexadecimal  [32-Bits]

Area                                    Addr        Size        Decimal Bytes (Attributes)
--------------------------------        ----        ----        ------- ----- ------------
_HEADER8                            00000000    00000006 =           6. bytes (ABS,CON)

      Value  Global                              Global Defined In Module
      -----  --------------------------------   ------------------------
ASxxxx Linker V03.00 + NoICE + sdld,  page 13.
Hexadecimal  [32-Bits]

Area                                    Addr        Size        Decimal Bytes (Attributes)
--------------------------------        ----        ----        ------- ----- ------------
_HEADER9                            00000000    00000003 =           3. bytes (ABS,CON)

      Value  Global                              Global Defined In Module
      -----  --------------------------------   ------------------------
ASxxxx Linker V03.00 + NoICE + sdld,  page 14.
Hexadecimal  [32-Bits]

Area                                    Addr        Size        Decimal Bytes (Attributes)
--------------------------------        ----        ----        ------- ----- ------------
_HEADERa                            00000000    00000001 =           1. bytes (ABS,CON)

      Value  Global                              Global Defined In Module
      -----  --------------------------------   ------------------------
ASxxxx Linker V03.00 + NoICE + sdld,  page 15.
Hexadecimal  [32-Bits]

Area                                    Addr        Size        Decimal Bytes (Attributes)
--------------------------------        ----        ----        ------- ----- ------------
_HEADERb                            00000000    00000001 =           1. bytes (ABS,CON)

      Value  Global                              Global Defined In Module
      -----  --------------------------------   ------------------------
ASxxxx Linker V03.00 + NoICE + sdld,  page 16.
Hexadecimal  [32-Bits]

Area                                    Addr        Size        Decimal Bytes (Attributes)
--------------------------------        ----        ----        ------- ----- ------------
_HEADERc                            00000000    00000001 =           1. bytes (ABS,CON)

      Value  Global                              Global Defined In Module
      -----  --------------------------------   ------------------------
ASxxxx Linker V03.00 + NoICE + sdld,  page 17.
Hexadecimal  [32-Bits]

Area                                    Addr        Size        Decimal Bytes (Attributes)
--------------------------------        ----        ----        ------- ----- ------------
_HEADERd                            00000000    00000002 =           2. bytes (ABS,CON)

      Value  Global                              Global Defined In Module
      -----  --------------------------------   ------------------------
ASxxxx Linker V03.00 + NoICE + sdld,  page 18.
Hexadecimal  [32-Bits]

Area                                    Addr        Size        Decimal Bytes (Attributes)
--------------------------------        ----        ----        ------- ----- ------------
_HEADERe                            00000000    00000001 =           1. bytes (ABS,CON)

      Value  Global                              Global Defined In Module
      -----  --------------------------------   ------------------------
ASxxxx Linker V03.00 + NoICE + sdld,  page 19.
Hexadecimal  [32-Bits]

Area                                    Addr        Size        Decimal Bytes (Attributes)
--------------------------------        ----        ----        ------- ----- ------------
_HEADERf                            00000000    00000001 =           1. bytes (ABS,CON)

      Value  Global                              Global Defined In Module
      -----  --------------------------------   ------------------------
ASxxxx Linker V03.00 + NoICE + sdld,  page 20.
Hexadecimal  [32-Bits]

Area                                    Addr        Size        Decimal Bytes (Attributes)
--------------------------------        ----        ----        ------- ----- ------------
_HEADER10                           00000000    00000002 =           2. bytes (ABS,CON)

      Value  Global                              Global Defined In Module
      -----  --------------------------------   ------------------------
ASxxxx Linker V03.00 + NoICE + sdld,  page 21.
Hexadecimal  [32-Bits]

Area                                    Addr        Size        Decimal Bytes (Attributes)
--------------------------------        ----        ----        ------- ----- ------------
_HEADER11                           00000000    00000085 =         133. bytes (ABS,CON)

      Value  Global                              Global Defined In Module
      -----  --------------------------------   ------------------------
     000001D2  _exit                              Runtime

ASxxxx Linker V03.00 + NoICE + sdld,  page 22.
Hexadecimal  [32-Bits]

Area                                    Addr        Size        Decimal Bytes (Attributes)
--------------------------------        ----        ----        ------- ----- ------------
_HEADER12                           00000000    00000001 =           1. bytes (ABS,CON)

      Value  Global                              Global Defined In Module
      -----  --------------------------------   ------------------------
ASxxxx Linker V03.00 + NoICE + sdld,  page 23.
Hexadecimal  [32-Bits]

Area                                    Addr        Size        Decimal Bytes (Attributes)
--------------------------------        ----        ----        ------- ----- ------------
_HOME                               00000A48    000001AC =         428. bytes (REL,CON)

      Value  Global                              Global Defined In Module
      -----  --------------------------------   ------------------------
     00000A48  .set_mode                          Runtime
     00000A58  .remove_VBL                        Runtime
     00000A5E  .remove_LCD                        Runtime
     00000A64  .remove_TIM                        Runtime
     00000A6A  .remove_SIO                        Runtime
     00000A70  .remove_JOY                        Runtime
     00000A76  .add_VBL                           Runtime
     00000A7C  .add_LCD                           Runtime
     00000A82  .add_TIM                           Runtime
     00000A88  .add_SIO                           Runtime
     00000A8E  .add_JOY                           Runtime
     00000A94  .remove_int                        Runtime
     00000AB4  .add_int                           Runtime
     00000AD0  .wait_vbl_done                     Runtime
     00000AD0  _wait_vbl_done                     Runtime
     00000AE7  .display_off                       Runtime
     00000AE7  _display_off                       Runtime
     00000B08  .serial_IO                         Runtime
     00000B37  _mode                              Runtime
     00000B40  _get_mode                          Runtime
     00000B45  _enable_interrupts                 Runtime
     00000B47  _disable_interrupts                Runtime
     00000B49  .reset                             Runtime
     00000B49  _reset                             Runtime
     00000B4F  _set_interrupts                    Runtime
     00000B5A  _remove_VBL                        Runtime
     00000B65  _remove_LCD                        Runtime
     00000B70  _remove_TIM                        Runtime
     00000B7B  _remove_SIO                        Runtime
     00000B86  _remove_JOY                        Runtime
     00000B91  _add_VBL                           Runtime
     00000B9C  _add_LCD                           Runtime
     00000BA7  _add_TIM                           Runtime
     00000BB2  _add_SIO                           Runtime
     00000BBD  _add_JOY                           Runtime
     00000BC8  _clock                             Runtime
     00000BD1  __printTStates                     Runtime
     00000BD2  banked_call                        Runtime
     00000BEB  banked_ret                         Runtime
ASxxxx Linker V03.00 + NoICE + sdld,  page 24.
Hexadecimal  [32-Bits]

Area                                    Addr        Size        Decimal Bytes (Attributes)
--------------------------------        ----        ----        ------- ----- ------------
_BASE                               00000BF4    00000253 =         595. bytes (REL,CON)

      Value  Global                              Global Defined In Module
      -----  --------------------------------   ------------------------
     00000BF4  _move_win                          
     00000BFD  .padup                             
     00000BFD  _waitpadup                         
     00000C0D  .jpad                              
     00000C3A  .wait_pad                          
     00000C41  _joypad                            
     00000C46  _waitpad                           
     00000C50  .mv_sprite                         
     00000C5F  _move_sprite                       
     00000C6C  _get_bkg_data                      
     00000C6C  _get_win_data                      
     00000CB9  _get_sprite_data                   
     00000CE9  _set_bkg_data                      
     00000CE9  _set_win_data                      
     00000D36  _set_sprite_data                   
     00000D65  _set_win_tiles                     
     00000D79  .get_sprite_tile                   
     00000D86  _get_sprite_tile                   
     00000D8F  .set_sprite_tile                   
     00000D9C  _set_sprite_tile                   
     00000DA7  .copy_vram                         
     00000DB6  _get_data                          
     00000DB6  _set_data                          
     00000DC9  _set_bkg_tiles                     
     00000DDD  .set_xy_wtt                        
     00000DEE  .set_xy_btt                        
     00000DFD  .set_xy_tt                         
     00000E2E  _set_tiles                         

ASxxxx Linker V03.00 + NoICE + sdld,  page 25.
Hexadecimal  [32-Bits]

Area                                    Addr        Size        Decimal Bytes (Attributes)
--------------------------------        ----        ----        ------- ----- ------------
_GSINIT                             00000E47    000035FC =       13820. bytes (REL,CON)

      Value  Global                              Global Defined In Module
      -----  --------------------------------   ------------------------
     00000E47  gsinit                             Runtime

ASxxxx Linker V03.00 + NoICE + sdld,  page 26.
Hexadecimal  [32-Bits]

Area                                    Addr        Size        Decimal Bytes (Attributes)
--------------------------------        ----        ----        ------- ----- ------------
_GSINITTAIL                         00004443    00000001 =           1. bytes (REL,CON)

      Value  Global                              Global Defined In Module
      -----  --------------------------------   ------------------------
ASxxxx Linker V03.00 + NoICE + sdld,  page 27.
Hexadecimal  [32-Bits]

Area                                    Addr        Size        Decimal Bytes (Attributes)
--------------------------------        ----        ----        ------- ----- ------------
_DATA                               0000C0A0    00000ACC =        2764. bytes (REL,CON)

      Value  Global                              Global Defined In Module
      -----  --------------------------------   ------------------------
     0000C0A0  _grass_tiles                       thumby
     0000C0F0  _grass_field                       thumby
     0000C4F0  _girl_tiles                        thumby
     0000C5F0  _girl_pj_tiles                     thumby
     0000C6F0  _window_border                     thumby
     0000C780  _text_box                          thumby
     0000C7F8  _alphabet                          thumby
     0000CAE8  _arrow_tile                        thumby
     0000CAF8  _text_map                          thumby
     0000CB18  _python_puzzle                     thumby

ASxxxx Linker V03.00 + NoICE + sdld,  page 28.
Hexadecimal  [32-Bits]

Area                                    Addr        Size        Decimal Bytes (Attributes)
--------------------------------        ----        ----        ------- ----- ------------
_BSS                                0000CB6C    00000059 =          89. bytes (REL,CON)

      Value  Global                              Global Defined In Module
      -----  --------------------------------   ------------------------
     0000CB6C  __cpu                              Runtime
     0000CB6D  .mode                              Runtime
     0000CB6E  __io_out                           Runtime
     0000CB6F  __io_in                            Runtime
     0000CB70  __io_status                        Runtime
     0000CB71  .vbl_done                          Runtime
     0000CB72  __current_bank                     Runtime
     0000CB73  .sys_time                          Runtime
     0000CB73  _sys_time                          Runtime
     0000CB75  .int_0x40                          Runtime
     0000CB85  .int_0x48                          Runtime
     0000CB95  .int_0x50                          Runtime
     0000CBA5  .int_0x58                          Runtime
     0000CBB5  .int_0x60                          Runtime

ASxxxx Linker V03.00 + NoICE + sdld,  page 29.
Hexadecimal  [32-Bits]

Area                                    Addr        Size        Decimal Bytes (Attributes)
--------------------------------        ----        ----        ------- ----- ------------
_HEAP                               0000CBC5    00000000 =           0. bytes (REL,CON)

      Value  Global                              Global Defined In Module
      -----  --------------------------------   ------------------------
     0000CBC5  _malloc_heap_start                 Runtime

ASxxxx Linker V03.00 + NoICE + sdld,  page 30.

Files Linked                              [ module(s) ]

/home/ahris/Dropbox/LinuxDocuments/AdultWork/CTF2017/squareCTF2017/bin/../lib/crt0.rel
                                          [ Runtime ]
./obj/thumby.rel                          [ thumby ]


Libraries Linked                          [ object file ]

/home/ahris/Dropbox/LinuxDocuments/AdultWork/CTF2017/squareCTF2017/bin/../lib/gb.lib
                                          [ mv_win ]
/home/ahris/Dropbox/LinuxDocuments/AdultWork/CTF2017/squareCTF2017/bin/../lib/gb.lib
                                          [ pad ]
/home/ahris/Dropbox/LinuxDocuments/AdultWork/CTF2017/squareCTF2017/bin/../lib/gb.lib
                                          [ mv_spr ]
/home/ahris/Dropbox/LinuxDocuments/AdultWork/CTF2017/squareCTF2017/bin/../lib/gb.lib
                                          [ get_data ]
/home/ahris/Dropbox/LinuxDocuments/AdultWork/CTF2017/squareCTF2017/bin/../lib/gb.lib
                                          [ set_data ]
/home/ahris/Dropbox/LinuxDocuments/AdultWork/CTF2017/squareCTF2017/bin/../lib/gb.lib
                                          [ set_wi_t ]
/usr/bin/../share/sdcc/lib/gbz80/gbz80.lib
                                          [ _memcmp.rel ]
/home/ahris/Dropbox/LinuxDocuments/AdultWork/CTF2017/squareCTF2017/bin/../lib/gb.lib
                                          [ get_spr ]
/usr/bin/../share/sdcc/lib/gbz80/gbz80.lib
                                          [ _memset.rel ]
/home/ahris/Dropbox/LinuxDocuments/AdultWork/CTF2017/squareCTF2017/bin/../lib/gb.lib
                                          [ set_spr ]
/usr/bin/../share/sdcc/lib/gbz80/gbz80.lib
                                          [ _strlen.rel ]
/home/ahris/Dropbox/LinuxDocuments/AdultWork/CTF2017/squareCTF2017/bin/../lib/gb.lib
                                          [ cpy_data ]
/home/ahris/Dropbox/LinuxDocuments/AdultWork/CTF2017/squareCTF2017/bin/../lib/gb.lib
                                          [ set_bk_t ]
/home/ahris/Dropbox/LinuxDocuments/AdultWork/CTF2017/squareCTF2017/bin/../lib/gb.lib
                                          [ set_xy_t ]

ASxxxx Linker V03.00 + NoICE + sdld,  page 31.

User Base Address Definitions

_CODE = 0x0200
_DATA = 0xc0a0

