ASxxxx Linker V03.00 + NoICE + sdld,  page 1.
Hexadecimal  [32-Bits]

Area                                    Addr        Size        Decimal Bytes (Attributes)
--------------------------------        ----        ----        ------- ----- ------------
.  .ABS.                            00000000    00000000 =           0. bytes (ABS,CON)

      Value  Global                              Global Defined In Module
      -----  --------------------------------   ------------------------
     00000000  .__.ABS.                           
     00000000  l__CABS                         
     00000000  l__DABS                         
     00000000  l__GSFINAL                      
     00000000  l__GSINIT                       
     00000000  l__HEADER                       
     00000000  l__HEAP                         
     00000000  l__LIT                          
     00000000  s__CABS                         
     00000000  s__DABS                         
     00000000  s__HEADER                       
     00000000  s__HEADER0                      
     00000000  s__HEADER1                      
     00000000  s__HEADER10                     
     00000000  s__HEADER11                     
     00000000  s__HEADER12                     
     00000000  s__HEADER2                      
     00000000  s__HEADER3                      
     00000000  s__HEADER4                      
     00000000  s__HEADER5                      
     00000000  s__HEADER6                      
     00000000  s__HEADER7                      
     00000000  s__HEADER8                      
     00000000  s__HEADER9                      
     00000000  s__HEADERa                      
     00000000  s__HEADERb                      
     00000000  s__HEADERc                      
     00000000  s__HEADERd                      
     00000000  s__HEADERe                      
     00000000  s__HEADERf                      
     00000001  l__GSINITTAIL                   
     00000001  l__HEADER0                      
     00000001  l__HEADER12                     
     00000001  l__HEADERa                      
     00000001  l__HEADERb                      
     00000001  l__HEADERc                      
     00000001  l__HEADERe                      
     00000001  l__HEADERf                      
     00000002  l__HEADER10                     
     00000002  l__HEADERd                      
     00000003  l__HEADER9                      
     00000006  l__HEADER8                      
     00000007  l__HEADER2                      
     00000007  l__HEADER3                      
     00000007  l__HEADER4                      
     00000007  l__HEADER5                      
     00000010  l__HEADER1                      
     0000001D  l__DATA                         
     0000001F  l__HEADER6                      
     00000034  l__HEADER7                      
ASxxxx Linker V03.00 + NoICE + sdld,  page 2.
Hexadecimal  [32-Bits]

Area                                    Addr        Size        Decimal Bytes (Attributes)
--------------------------------        ----        ----        ------- ----- ------------
.  .ABS.                            00000000    00000000 =           0. bytes (ABS,CON)

      Value  Global                              Global Defined In Module
      -----  --------------------------------   ------------------------
     00000059  l__BSS                          
     00000085  l__HEADER11                     
     00000130  l__BASE                         
     000001AC  l__HOME                         
     00000200  s__CODE                         
     00000AF5  l__CODE                         
     00000CF5  s__HOME                         
     00000EA1  s__BASE                         
     00000FD1  s__GSINIT                       
     00000FD1  s__GSINITTAIL                   
     00000FD1  s__LIT                          
     00000FD2  s__GSFINAL                      
     0000C0A0  s__DATA                         
     0000C0BD  s__BSS                          
     0000C116  s__HEAP                         

ASxxxx Linker V03.00 + NoICE + sdld,  page 3.
Hexadecimal  [32-Bits]

Area                                    Addr        Size        Decimal Bytes (Attributes)
--------------------------------        ----        ----        ------- ----- ------------
_CODE                               00000200    00000AF5 =        2805. bytes (REL,CON)

      Value  Global                              Global Defined In Module
      -----  --------------------------------   ------------------------
     00000200  _scroll                            galaxy
     00000200  _scroll_start                      galaxy
     00000201  _scroll_end                        galaxy
     00000201  _std_data                          galaxy
     00000241  _earth_data                        galaxy
     00000401  _frame_data                        galaxy
     00000611  _bkg_data                          galaxy
     000008E1  _bkg_tiles                         galaxy
     00000921  _earth_tiles                       galaxy
     0000092F  _frame_tiles                       galaxy
     000009CF  _door1_tiles                       galaxy
     00000A5F  _door2_tiles                       galaxy
     00000AE3  _door3_tiles                       galaxy
     00000B67  _door4_tiles                       galaxy
     00000BEB  _film                              galaxy
     00000C1D  _main                              galaxy
     00000C1D  _main_start                        galaxy
     00000CF5  _main_end                          galaxy
ASxxxx Linker V03.00 + NoICE + sdld,  page 4.
Hexadecimal  [32-Bits]

Area                                    Addr        Size        Decimal Bytes (Attributes)
--------------------------------        ----        ----        ------- ----- ------------
_HEADER0                            00000000    00000001 =           1. bytes (ABS,CON)

      Value  Global                              Global Defined In Module
      -----  --------------------------------   ------------------------
ASxxxx Linker V03.00 + NoICE + sdld,  page 5.
Hexadecimal  [32-Bits]

Area                                    Addr        Size        Decimal Bytes (Attributes)
--------------------------------        ----        ----        ------- ----- ------------
_HEADER1                            00000000    00000010 =          16. bytes (ABS,CON)

      Value  Global                              Global Defined In Module
      -----  --------------------------------   ------------------------
ASxxxx Linker V03.00 + NoICE + sdld,  page 6.
Hexadecimal  [32-Bits]

Area                                    Addr        Size        Decimal Bytes (Attributes)
--------------------------------        ----        ----        ------- ----- ------------
_HEADER2                            00000000    00000007 =           7. bytes (ABS,CON)

      Value  Global                              Global Defined In Module
      -----  --------------------------------   ------------------------
ASxxxx Linker V03.00 + NoICE + sdld,  page 7.
Hexadecimal  [32-Bits]

Area                                    Addr        Size        Decimal Bytes (Attributes)
--------------------------------        ----        ----        ------- ----- ------------
_HEADER3                            00000000    00000007 =           7. bytes (ABS,CON)

      Value  Global                              Global Defined In Module
      -----  --------------------------------   ------------------------
ASxxxx Linker V03.00 + NoICE + sdld,  page 8.
Hexadecimal  [32-Bits]

Area                                    Addr        Size        Decimal Bytes (Attributes)
--------------------------------        ----        ----        ------- ----- ------------
_HEADER4                            00000000    00000007 =           7. bytes (ABS,CON)

      Value  Global                              Global Defined In Module
      -----  --------------------------------   ------------------------
ASxxxx Linker V03.00 + NoICE + sdld,  page 9.
Hexadecimal  [32-Bits]

Area                                    Addr        Size        Decimal Bytes (Attributes)
--------------------------------        ----        ----        ------- ----- ------------
_HEADER5                            00000000    00000007 =           7. bytes (ABS,CON)

      Value  Global                              Global Defined In Module
      -----  --------------------------------   ------------------------
ASxxxx Linker V03.00 + NoICE + sdld,  page 10.
Hexadecimal  [32-Bits]

Area                                    Addr        Size        Decimal Bytes (Attributes)
--------------------------------        ----        ----        ------- ----- ------------
_HEADER6                            00000000    0000001F =          31. bytes (ABS,CON)

      Value  Global                              Global Defined In Module
      -----  --------------------------------   ------------------------
ASxxxx Linker V03.00 + NoICE + sdld,  page 11.
Hexadecimal  [32-Bits]

Area                                    Addr        Size        Decimal Bytes (Attributes)
--------------------------------        ----        ----        ------- ----- ------------
_HEADER7                            00000000    00000034 =          52. bytes (ABS,CON)

      Value  Global                              Global Defined In Module
      -----  --------------------------------   ------------------------
ASxxxx Linker V03.00 + NoICE + sdld,  page 12.
Hexadecimal  [32-Bits]

Area                                    Addr        Size        Decimal Bytes (Attributes)
--------------------------------        ----        ----        ------- ----- ------------
_HEADER8                            00000000    00000006 =           6. bytes (ABS,CON)

      Value  Global                              Global Defined In Module
      -----  --------------------------------   ------------------------
ASxxxx Linker V03.00 + NoICE + sdld,  page 13.
Hexadecimal  [32-Bits]

Area                                    Addr        Size        Decimal Bytes (Attributes)
--------------------------------        ----        ----        ------- ----- ------------
_HEADER9                            00000000    00000003 =           3. bytes (ABS,CON)

      Value  Global                              Global Defined In Module
      -----  --------------------------------   ------------------------
ASxxxx Linker V03.00 + NoICE + sdld,  page 14.
Hexadecimal  [32-Bits]

Area                                    Addr        Size        Decimal Bytes (Attributes)
--------------------------------        ----        ----        ------- ----- ------------
_HEADERa                            00000000    00000001 =           1. bytes (ABS,CON)

      Value  Global                              Global Defined In Module
      -----  --------------------------------   ------------------------
ASxxxx Linker V03.00 + NoICE + sdld,  page 15.
Hexadecimal  [32-Bits]

Area                                    Addr        Size        Decimal Bytes (Attributes)
--------------------------------        ----        ----        ------- ----- ------------
_HEADERb                            00000000    00000001 =           1. bytes (ABS,CON)

      Value  Global                              Global Defined In Module
      -----  --------------------------------   ------------------------
ASxxxx Linker V03.00 + NoICE + sdld,  page 16.
Hexadecimal  [32-Bits]

Area                                    Addr        Size        Decimal Bytes (Attributes)
--------------------------------        ----        ----        ------- ----- ------------
_HEADERc                            00000000    00000001 =           1. bytes (ABS,CON)

      Value  Global                              Global Defined In Module
      -----  --------------------------------   ------------------------
ASxxxx Linker V03.00 + NoICE + sdld,  page 17.
Hexadecimal  [32-Bits]

Area                                    Addr        Size        Decimal Bytes (Attributes)
--------------------------------        ----        ----        ------- ----- ------------
_HEADERd                            00000000    00000002 =           2. bytes (ABS,CON)

      Value  Global                              Global Defined In Module
      -----  --------------------------------   ------------------------
ASxxxx Linker V03.00 + NoICE + sdld,  page 18.
Hexadecimal  [32-Bits]

Area                                    Addr        Size        Decimal Bytes (Attributes)
--------------------------------        ----        ----        ------- ----- ------------
_HEADERe                            00000000    00000001 =           1. bytes (ABS,CON)

      Value  Global                              Global Defined In Module
      -----  --------------------------------   ------------------------
ASxxxx Linker V03.00 + NoICE + sdld,  page 19.
Hexadecimal  [32-Bits]

Area                                    Addr        Size        Decimal Bytes (Attributes)
--------------------------------        ----        ----        ------- ----- ------------
_HEADERf                            00000000    00000001 =           1. bytes (ABS,CON)

      Value  Global                              Global Defined In Module
      -----  --------------------------------   ------------------------
ASxxxx Linker V03.00 + NoICE + sdld,  page 20.
Hexadecimal  [32-Bits]

Area                                    Addr        Size        Decimal Bytes (Attributes)
--------------------------------        ----        ----        ------- ----- ------------
_HEADER10                           00000000    00000002 =           2. bytes (ABS,CON)

      Value  Global                              Global Defined In Module
      -----  --------------------------------   ------------------------
ASxxxx Linker V03.00 + NoICE + sdld,  page 21.
Hexadecimal  [32-Bits]

Area                                    Addr        Size        Decimal Bytes (Attributes)
--------------------------------        ----        ----        ------- ----- ------------
_HEADER11                           00000000    00000085 =         133. bytes (ABS,CON)

      Value  Global                              Global Defined In Module
      -----  --------------------------------   ------------------------
     000001D2  _exit                              Runtime

ASxxxx Linker V03.00 + NoICE + sdld,  page 22.
Hexadecimal  [32-Bits]

Area                                    Addr        Size        Decimal Bytes (Attributes)
--------------------------------        ----        ----        ------- ----- ------------
_HEADER12                           00000000    00000001 =           1. bytes (ABS,CON)

      Value  Global                              Global Defined In Module
      -----  --------------------------------   ------------------------
ASxxxx Linker V03.00 + NoICE + sdld,  page 23.
Hexadecimal  [32-Bits]

Area                                    Addr        Size        Decimal Bytes (Attributes)
--------------------------------        ----        ----        ------- ----- ------------
_HOME                               00000CF5    000001AC =         428. bytes (REL,CON)

      Value  Global                              Global Defined In Module
      -----  --------------------------------   ------------------------
     00000CF5  .set_mode                          Runtime
     00000D05  .remove_VBL                        Runtime
     00000D0B  .remove_LCD                        Runtime
     00000D11  .remove_TIM                        Runtime
     00000D17  .remove_SIO                        Runtime
     00000D1D  .remove_JOY                        Runtime
     00000D23  .add_VBL                           Runtime
     00000D29  .add_LCD                           Runtime
     00000D2F  .add_TIM                           Runtime
     00000D35  .add_SIO                           Runtime
     00000D3B  .add_JOY                           Runtime
     00000D41  .remove_int                        Runtime
     00000D61  .add_int                           Runtime
     00000D7D  .wait_vbl_done                     Runtime
     00000D7D  _wait_vbl_done                     Runtime
     00000D94  .display_off                       Runtime
     00000D94  _display_off                       Runtime
     00000DB5  .serial_IO                         Runtime
     00000DE4  _mode                              Runtime
     00000DED  _get_mode                          Runtime
     00000DF2  _enable_interrupts                 Runtime
     00000DF4  _disable_interrupts                Runtime
     00000DF6  .reset                             Runtime
     00000DF6  _reset                             Runtime
     00000DFC  _set_interrupts                    Runtime
     00000E07  _remove_VBL                        Runtime
     00000E12  _remove_LCD                        Runtime
     00000E1D  _remove_TIM                        Runtime
     00000E28  _remove_SIO                        Runtime
     00000E33  _remove_JOY                        Runtime
     00000E3E  _add_VBL                           Runtime
     00000E49  _add_LCD                           Runtime
     00000E54  _add_TIM                           Runtime
     00000E5F  _add_SIO                           Runtime
     00000E6A  _add_JOY                           Runtime
     00000E75  _clock                             Runtime
     00000E7E  __printTStates                     Runtime
     00000E7F  banked_call                        Runtime
     00000E98  banked_ret                         Runtime
ASxxxx Linker V03.00 + NoICE + sdld,  page 24.
Hexadecimal  [32-Bits]

Area                                    Addr        Size        Decimal Bytes (Attributes)
--------------------------------        ----        ----        ------- ----- ------------
_BASE                               00000EA1    00000130 =         304. bytes (REL,CON)

      Value  Global                              Global Defined In Module
      -----  --------------------------------   ------------------------
     00000EA1  _set_bkg_data                      
     00000EA1  _set_win_data                      
     00000EEE  _set_sprite_data                   
     00000F1D  _set_win_tiles                     
     00000F31  .copy_vram                         
     00000F40  _get_data                          
     00000F40  _set_data                          
     00000F53  _set_bkg_tiles                     
     00000F67  .set_xy_wtt                        
     00000F78  .set_xy_btt                        
     00000F87  .set_xy_tt                         
     00000FB8  _set_tiles                         
ASxxxx Linker V03.00 + NoICE + sdld,  page 25.
Hexadecimal  [32-Bits]

Area                                    Addr        Size        Decimal Bytes (Attributes)
--------------------------------        ----        ----        ------- ----- ------------
_GSINIT                             00000FD1    00000000 =           0. bytes (REL,CON)

      Value  Global                              Global Defined In Module
      -----  --------------------------------   ------------------------
     00000FD1  gsinit                             Runtime

ASxxxx Linker V03.00 + NoICE + sdld,  page 26.
Hexadecimal  [32-Bits]

Area                                    Addr        Size        Decimal Bytes (Attributes)
--------------------------------        ----        ----        ------- ----- ------------
_GSINITTAIL                         00000FD1    00000001 =           1. bytes (REL,CON)

      Value  Global                              Global Defined In Module
      -----  --------------------------------   ------------------------
ASxxxx Linker V03.00 + NoICE + sdld,  page 27.
Hexadecimal  [32-Bits]

Area                                    Addr        Size        Decimal Bytes (Attributes)
--------------------------------        ----        ----        ------- ----- ------------
_DATA                               0000C0A0    0000001D =          29. bytes (REL,CON)

      Value  Global                              Global Defined In Module
      -----  --------------------------------   ------------------------
     0000C0A1  _doorstate                         galaxy
     0000C0A2  _doorpos                           galaxy
     0000C0A4  _sframe                            galaxy
     0000C0A5  _bposx                             galaxy
     0000C0A7  _bposy                             galaxy
     0000C0A9  _bspx                              galaxy
     0000C0AB  _bspy                              galaxy
     0000C0AD  _wposx                             galaxy
     0000C0AF  _wposy                             galaxy
     0000C0B1  _wspx                              galaxy
     0000C0B3  _wspy                              galaxy
     0000C0B5  _sposx                             galaxy
     0000C0B7  _sposy                             galaxy
     0000C0B9  _sspx                              galaxy
     0000C0BB  _sspy                              galaxy
ASxxxx Linker V03.00 + NoICE + sdld,  page 28.
Hexadecimal  [32-Bits]

Area                                    Addr        Size        Decimal Bytes (Attributes)
--------------------------------        ----        ----        ------- ----- ------------
_BSS                                0000C0BD    00000059 =          89. bytes (REL,CON)

      Value  Global                              Global Defined In Module
      -----  --------------------------------   ------------------------
     0000C0BD  __cpu                              Runtime
     0000C0BE  .mode                              Runtime
     0000C0BF  __io_out                           Runtime
     0000C0C0  __io_in                            Runtime
     0000C0C1  __io_status                        Runtime
     0000C0C2  .vbl_done                          Runtime
     0000C0C3  __current_bank                     Runtime
     0000C0C4  .sys_time                          Runtime
     0000C0C4  _sys_time                          Runtime
     0000C0C6  .int_0x40                          Runtime
     0000C0D6  .int_0x48                          Runtime
     0000C0E6  .int_0x50                          Runtime
     0000C0F6  .int_0x58                          Runtime
     0000C106  .int_0x60                          Runtime

ASxxxx Linker V03.00 + NoICE + sdld,  page 29.
Hexadecimal  [32-Bits]

Area                                    Addr        Size        Decimal Bytes (Attributes)
--------------------------------        ----        ----        ------- ----- ------------
_HEAP                               0000C116    00000000 =           0. bytes (REL,CON)

      Value  Global                              Global Defined In Module
      -----  --------------------------------   ------------------------
     0000C116  _malloc_heap_start                 Runtime

ASxxxx Linker V03.00 + NoICE + sdld,  page 30.

Files Linked                              [ module(s) ]

/home/ahris/Dropbox/LinuxDocuments/AdultWork/CTF2017/gbdk-n/bin/../lib/crt0.rel
                                          [ Runtime ]
./obj/galaxy.rel                          [ galaxy ]


Libraries Linked                          [ object file ]

/home/ahris/Dropbox/LinuxDocuments/AdultWork/CTF2017/gbdk-n/bin/../lib/gb.lib
                                          [ set_data ]
/home/ahris/Dropbox/LinuxDocuments/AdultWork/CTF2017/gbdk-n/bin/../lib/gb.lib
                                          [ set_wi_t ]
/home/ahris/Dropbox/LinuxDocuments/AdultWork/CTF2017/gbdk-n/bin/../lib/gb.lib
                                          [ cpy_data ]
/home/ahris/Dropbox/LinuxDocuments/AdultWork/CTF2017/gbdk-n/bin/../lib/gb.lib
                                          [ set_bk_t ]
/home/ahris/Dropbox/LinuxDocuments/AdultWork/CTF2017/gbdk-n/bin/../lib/gb.lib
                                          [ set_xy_t ]

ASxxxx Linker V03.00 + NoICE + sdld,  page 31.

User Base Address Definitions

_CODE = 0x0200
_DATA = 0xc0a0

