ASxxxx Linker V03.00 + NoICE + sdld,  page 1.
Hexadecimal  [32-Bits]

Area                                    Addr        Size        Decimal Bytes (Attributes)
--------------------------------        ----        ----        ------- ----- ------------
.  .ABS.                            00000000    00000000 =           0. bytes (ABS,CON)

      Value  Global                              Global Defined In Module
      -----  --------------------------------   ------------------------
     00000000  .__.ABS.                           
     00000000  l__CABS                         
     00000000  l__DABS                         
     00000000  l__GSFINAL                      
     00000000  l__HEADER                       
     00000000  l__HEAP                         
     00000000  l__LIT                          
     00000000  s__CABS                         
     00000000  s__DABS                         
     00000000  s__HEADER                       
     00000000  s__HEADER0                      
     00000000  s__HEADER1                      
     00000000  s__HEADER10                     
     00000000  s__HEADER11                     
     00000000  s__HEADER12                     
     00000000  s__HEADER2                      
     00000000  s__HEADER3                      
     00000000  s__HEADER4                      
     00000000  s__HEADER5                      
     00000000  s__HEADER6                      
     00000000  s__HEADER7                      
     00000000  s__HEADER8                      
     00000000  s__HEADER9                      
     00000000  s__HEADERa                      
     00000000  s__HEADERb                      
     00000000  s__HEADERc                      
     00000000  s__HEADERd                      
     00000000  s__HEADERe                      
     00000000  s__HEADERf                      
     00000001  l__GSINITTAIL                   
     00000001  l__HEADER0                      
     00000001  l__HEADER12                     
     00000001  l__HEADERa                      
     00000001  l__HEADERb                      
     00000001  l__HEADERc                      
     00000001  l__HEADERe                      
     00000001  l__HEADERf                      
     00000002  l__HEADER10                     
     00000002  l__HEADERd                      
     00000003  l__HEADER9                      
     00000006  l__HEADER8                      
     00000007  l__HEADER2                      
     00000007  l__HEADER3                      
     00000007  l__HEADER4                      
     00000007  l__HEADER5                      
     00000010  l__HEADER1                      
     0000001F  l__HEADER6                      
     00000034  l__HEADER7                      
     00000051  l__DATA                         
     00000059  l__BSS                          
ASxxxx Linker V03.00 + NoICE + sdld,  page 2.
Hexadecimal  [32-Bits]

Area                                    Addr        Size        Decimal Bytes (Attributes)
--------------------------------        ----        ----        ------- ----- ------------
.  .ABS.                            00000000    00000000 =           0. bytes (ABS,CON)

      Value  Global                              Global Defined In Module
      -----  --------------------------------   ------------------------
     00000085  l__HEADER11                     
     000000A5  l__GSINIT                       
     000001AC  l__HOME                         
     00000200  s__CODE                         
     00000203  l__BASE                         
     00001E62  l__CODE                         
     00002062  s__HOME                         
     0000220E  s__BASE                         
     00002411  s__GSINIT                       
     00002411  s__LIT                          
     000024B6  s__GSINITTAIL                   
     000024B7  s__GSFINAL                      
     0000C0A0  s__DATA                         
     0000C0F1  s__BSS                          
     0000C14A  s__HEAP                         

ASxxxx Linker V03.00 + NoICE + sdld,  page 3.
Hexadecimal  [32-Bits]

Area                                    Addr        Size        Decimal Bytes (Attributes)
--------------------------------        ----        ----        ------- ----- ------------
_CODE                               00000200    00001E62 =        7778. bytes (REL,CON)

      Value  Global                              Global Defined In Module
      -----  --------------------------------   ------------------------
     00000200  _divide_UINT8                      main
     00000212  _alleyway_map                      main
     00000302  _alleyway                          main
     00000EE2  _agent                             main
     00000F62  _agent_flash                       main
     00000FE2  _text_box                          main
     0000105A  _alphabet                          main
     0000133A  _arrow_tile                        main
     0000135A  _button                            main
     000013BA  _solution_seq                      main
     000013CA  _flag_a                            main
     000013D2  _flag_b                            main
     000013DA  _set_text_map                      main
     00001567  _clear_window                      main
     00001588  _show_text                         main
     00001635  _scroll_text                       main
     0000168E  _sleep                             main
     0000169E  _process_button_press              main
     000016F7  _number_of_bits_set                main
     00001717  _return_lsb_set                    main
     0000172C  _log2                              main
     0000173B  _display_button_press              main
     00001784  _check_sequence                    main
     00001800  _pass_level_1                      main
     000018D5  _fail_level_1                      main
     0000190F  _decrypt                           main
     00001C9C  _remove_flag_padding               main
     00001CD1  _show_agent                        main
     00001CF6  _show_flash                        main
     00001D1B  _intro_scene                       main
     00001E3D  _main                              main
     00001F69  _strcpy                            _strcpy
     00001F90  _memset                            _memset
     00001FC5  _memcpy                            _memcpy
     00002011  _strcat                            _strcat
     00002040  _strlen                            _strlen
ASxxxx Linker V03.00 + NoICE + sdld,  page 4.
Hexadecimal  [32-Bits]

Area                                    Addr        Size        Decimal Bytes (Attributes)
--------------------------------        ----        ----        ------- ----- ------------
_HEADER0                            00000000    00000001 =           1. bytes (ABS,CON)

      Value  Global                              Global Defined In Module
      -----  --------------------------------   ------------------------
ASxxxx Linker V03.00 + NoICE + sdld,  page 5.
Hexadecimal  [32-Bits]

Area                                    Addr        Size        Decimal Bytes (Attributes)
--------------------------------        ----        ----        ------- ----- ------------
_HEADER1                            00000000    00000010 =          16. bytes (ABS,CON)

      Value  Global                              Global Defined In Module
      -----  --------------------------------   ------------------------
ASxxxx Linker V03.00 + NoICE + sdld,  page 6.
Hexadecimal  [32-Bits]

Area                                    Addr        Size        Decimal Bytes (Attributes)
--------------------------------        ----        ----        ------- ----- ------------
_HEADER2                            00000000    00000007 =           7. bytes (ABS,CON)

      Value  Global                              Global Defined In Module
      -----  --------------------------------   ------------------------
ASxxxx Linker V03.00 + NoICE + sdld,  page 7.
Hexadecimal  [32-Bits]

Area                                    Addr        Size        Decimal Bytes (Attributes)
--------------------------------        ----        ----        ------- ----- ------------
_HEADER3                            00000000    00000007 =           7. bytes (ABS,CON)

      Value  Global                              Global Defined In Module
      -----  --------------------------------   ------------------------
ASxxxx Linker V03.00 + NoICE + sdld,  page 8.
Hexadecimal  [32-Bits]

Area                                    Addr        Size        Decimal Bytes (Attributes)
--------------------------------        ----        ----        ------- ----- ------------
_HEADER4                            00000000    00000007 =           7. bytes (ABS,CON)

      Value  Global                              Global Defined In Module
      -----  --------------------------------   ------------------------
ASxxxx Linker V03.00 + NoICE + sdld,  page 9.
Hexadecimal  [32-Bits]

Area                                    Addr        Size        Decimal Bytes (Attributes)
--------------------------------        ----        ----        ------- ----- ------------
_HEADER5                            00000000    00000007 =           7. bytes (ABS,CON)

      Value  Global                              Global Defined In Module
      -----  --------------------------------   ------------------------
ASxxxx Linker V03.00 + NoICE + sdld,  page 10.
Hexadecimal  [32-Bits]

Area                                    Addr        Size        Decimal Bytes (Attributes)
--------------------------------        ----        ----        ------- ----- ------------
_HEADER6                            00000000    0000001F =          31. bytes (ABS,CON)

      Value  Global                              Global Defined In Module
      -----  --------------------------------   ------------------------
ASxxxx Linker V03.00 + NoICE + sdld,  page 11.
Hexadecimal  [32-Bits]

Area                                    Addr        Size        Decimal Bytes (Attributes)
--------------------------------        ----        ----        ------- ----- ------------
_HEADER7                            00000000    00000034 =          52. bytes (ABS,CON)

      Value  Global                              Global Defined In Module
      -----  --------------------------------   ------------------------
ASxxxx Linker V03.00 + NoICE + sdld,  page 12.
Hexadecimal  [32-Bits]

Area                                    Addr        Size        Decimal Bytes (Attributes)
--------------------------------        ----        ----        ------- ----- ------------
_HEADER8                            00000000    00000006 =           6. bytes (ABS,CON)

      Value  Global                              Global Defined In Module
      -----  --------------------------------   ------------------------
ASxxxx Linker V03.00 + NoICE + sdld,  page 13.
Hexadecimal  [32-Bits]

Area                                    Addr        Size        Decimal Bytes (Attributes)
--------------------------------        ----        ----        ------- ----- ------------
_HEADER9                            00000000    00000003 =           3. bytes (ABS,CON)

      Value  Global                              Global Defined In Module
      -----  --------------------------------   ------------------------
ASxxxx Linker V03.00 + NoICE + sdld,  page 14.
Hexadecimal  [32-Bits]

Area                                    Addr        Size        Decimal Bytes (Attributes)
--------------------------------        ----        ----        ------- ----- ------------
_HEADERa                            00000000    00000001 =           1. bytes (ABS,CON)

      Value  Global                              Global Defined In Module
      -----  --------------------------------   ------------------------
ASxxxx Linker V03.00 + NoICE + sdld,  page 15.
Hexadecimal  [32-Bits]

Area                                    Addr        Size        Decimal Bytes (Attributes)
--------------------------------        ----        ----        ------- ----- ------------
_HEADERb                            00000000    00000001 =           1. bytes (ABS,CON)

      Value  Global                              Global Defined In Module
      -----  --------------------------------   ------------------------
ASxxxx Linker V03.00 + NoICE + sdld,  page 16.
Hexadecimal  [32-Bits]

Area                                    Addr        Size        Decimal Bytes (Attributes)
--------------------------------        ----        ----        ------- ----- ------------
_HEADERc                            00000000    00000001 =           1. bytes (ABS,CON)

      Value  Global                              Global Defined In Module
      -----  --------------------------------   ------------------------
ASxxxx Linker V03.00 + NoICE + sdld,  page 17.
Hexadecimal  [32-Bits]

Area                                    Addr        Size        Decimal Bytes (Attributes)
--------------------------------        ----        ----        ------- ----- ------------
_HEADERd                            00000000    00000002 =           2. bytes (ABS,CON)

      Value  Global                              Global Defined In Module
      -----  --------------------------------   ------------------------
ASxxxx Linker V03.00 + NoICE + sdld,  page 18.
Hexadecimal  [32-Bits]

Area                                    Addr        Size        Decimal Bytes (Attributes)
--------------------------------        ----        ----        ------- ----- ------------
_HEADERe                            00000000    00000001 =           1. bytes (ABS,CON)

      Value  Global                              Global Defined In Module
      -----  --------------------------------   ------------------------
ASxxxx Linker V03.00 + NoICE + sdld,  page 19.
Hexadecimal  [32-Bits]

Area                                    Addr        Size        Decimal Bytes (Attributes)
--------------------------------        ----        ----        ------- ----- ------------
_HEADERf                            00000000    00000001 =           1. bytes (ABS,CON)

      Value  Global                              Global Defined In Module
      -----  --------------------------------   ------------------------
ASxxxx Linker V03.00 + NoICE + sdld,  page 20.
Hexadecimal  [32-Bits]

Area                                    Addr        Size        Decimal Bytes (Attributes)
--------------------------------        ----        ----        ------- ----- ------------
_HEADER10                           00000000    00000002 =           2. bytes (ABS,CON)

      Value  Global                              Global Defined In Module
      -----  --------------------------------   ------------------------
ASxxxx Linker V03.00 + NoICE + sdld,  page 21.
Hexadecimal  [32-Bits]

Area                                    Addr        Size        Decimal Bytes (Attributes)
--------------------------------        ----        ----        ------- ----- ------------
_HEADER11                           00000000    00000085 =         133. bytes (ABS,CON)

      Value  Global                              Global Defined In Module
      -----  --------------------------------   ------------------------
     000001D2  _exit                              Runtime

ASxxxx Linker V03.00 + NoICE + sdld,  page 22.
Hexadecimal  [32-Bits]

Area                                    Addr        Size        Decimal Bytes (Attributes)
--------------------------------        ----        ----        ------- ----- ------------
_HEADER12                           00000000    00000001 =           1. bytes (ABS,CON)

      Value  Global                              Global Defined In Module
      -----  --------------------------------   ------------------------
ASxxxx Linker V03.00 + NoICE + sdld,  page 23.
Hexadecimal  [32-Bits]

Area                                    Addr        Size        Decimal Bytes (Attributes)
--------------------------------        ----        ----        ------- ----- ------------
_HOME                               00002062    000001AC =         428. bytes (REL,CON)

      Value  Global                              Global Defined In Module
      -----  --------------------------------   ------------------------
     00002062  .set_mode                          Runtime
     00002072  .remove_VBL                        Runtime
     00002078  .remove_LCD                        Runtime
     0000207E  .remove_TIM                        Runtime
     00002084  .remove_SIO                        Runtime
     0000208A  .remove_JOY                        Runtime
     00002090  .add_VBL                           Runtime
     00002096  .add_LCD                           Runtime
     0000209C  .add_TIM                           Runtime
     000020A2  .add_SIO                           Runtime
     000020A8  .add_JOY                           Runtime
     000020AE  .remove_int                        Runtime
     000020CE  .add_int                           Runtime
     000020EA  .wait_vbl_done                     Runtime
     000020EA  _wait_vbl_done                     Runtime
     00002101  .display_off                       Runtime
     00002101  _display_off                       Runtime
     00002122  .serial_IO                         Runtime
     00002151  _mode                              Runtime
     0000215A  _get_mode                          Runtime
     0000215F  _enable_interrupts                 Runtime
     00002161  _disable_interrupts                Runtime
     00002163  .reset                             Runtime
     00002163  _reset                             Runtime
     00002169  _set_interrupts                    Runtime
     00002174  _remove_VBL                        Runtime
     0000217F  _remove_LCD                        Runtime
     0000218A  _remove_TIM                        Runtime
     00002195  _remove_SIO                        Runtime
     000021A0  _remove_JOY                        Runtime
     000021AB  _add_VBL                           Runtime
     000021B6  _add_LCD                           Runtime
     000021C1  _add_TIM                           Runtime
     000021CC  _add_SIO                           Runtime
     000021D7  _add_JOY                           Runtime
     000021E2  _clock                             Runtime
     000021EB  __printTStates                     Runtime
     000021EC  banked_call                        Runtime
     00002205  banked_ret                         Runtime
ASxxxx Linker V03.00 + NoICE + sdld,  page 24.
Hexadecimal  [32-Bits]

Area                                    Addr        Size        Decimal Bytes (Attributes)
--------------------------------        ----        ----        ------- ----- ------------
_BASE                               0000220E    00000203 =         515. bytes (REL,CON)

      Value  Global                              Global Defined In Module
      -----  --------------------------------   ------------------------
     0000220E  _move_win                          
     00002217  .mv_sprite                         
     00002226  _move_sprite                       
     00002233  _set_bkg_data                      
     00002233  _set_win_data                      
     00002280  _set_sprite_data                   
     000022AF  _set_win_tiles                     
     000022C3  .padup                             
     000022C3  _waitpadup                         
     000022D3  .jpad                              
     00002300  .wait_pad                          
     00002307  _joypad                            
     0000230C  _waitpad                           
     00002316  .set_sprite_tile                   
     00002323  _set_sprite_tile                   
     0000232E  .delay                             
     00002368  _delay                             
     00002371  .copy_vram                         
     00002380  _get_data                          
     00002380  _set_data                          
     00002393  _set_bkg_tiles                     
     000023A7  .set_xy_wtt                        
     000023B8  .set_xy_btt                        
     000023C7  .set_xy_tt                         
     000023F8  _set_tiles                         

ASxxxx Linker V03.00 + NoICE + sdld,  page 25.
Hexadecimal  [32-Bits]

Area                                    Addr        Size        Decimal Bytes (Attributes)
--------------------------------        ----        ----        ------- ----- ------------
_GSINIT                             00002411    000000A5 =         165. bytes (REL,CON)

      Value  Global                              Global Defined In Module
      -----  --------------------------------   ------------------------
     00002411  gsinit                             Runtime

ASxxxx Linker V03.00 + NoICE + sdld,  page 26.
Hexadecimal  [32-Bits]

Area                                    Addr        Size        Decimal Bytes (Attributes)
--------------------------------        ----        ----        ------- ----- ------------
_GSINITTAIL                         000024B6    00000001 =           1. bytes (REL,CON)

      Value  Global                              Global Defined In Module
      -----  --------------------------------   ------------------------
ASxxxx Linker V03.00 + NoICE + sdld,  page 27.
Hexadecimal  [32-Bits]

Area                                    Addr        Size        Decimal Bytes (Attributes)
--------------------------------        ----        ----        ------- ----- ------------
_DATA                               0000C0A0    00000051 =          81. bytes (REL,CON)

      Value  Global                              Global Defined In Module
      -----  --------------------------------   ------------------------
     0000C0A0  _text_map                          main
     0000C0C0  _input_seq                         main
     0000C0D0  _input_seq_ctr                     main
     0000C0D1  _key_a                             main
     0000C0E1  _key_b                             main

ASxxxx Linker V03.00 + NoICE + sdld,  page 28.
Hexadecimal  [32-Bits]

Area                                    Addr        Size        Decimal Bytes (Attributes)
--------------------------------        ----        ----        ------- ----- ------------
_BSS                                0000C0F1    00000059 =          89. bytes (REL,CON)

      Value  Global                              Global Defined In Module
      -----  --------------------------------   ------------------------
     0000C0F1  __cpu                              Runtime
     0000C0F2  .mode                              Runtime
     0000C0F3  __io_out                           Runtime
     0000C0F4  __io_in                            Runtime
     0000C0F5  __io_status                        Runtime
     0000C0F6  .vbl_done                          Runtime
     0000C0F7  __current_bank                     Runtime
     0000C0F8  .sys_time                          Runtime
     0000C0F8  _sys_time                          Runtime
     0000C0FA  .int_0x40                          Runtime
     0000C10A  .int_0x48                          Runtime
     0000C11A  .int_0x50                          Runtime
     0000C12A  .int_0x58                          Runtime
     0000C13A  .int_0x60                          Runtime

ASxxxx Linker V03.00 + NoICE + sdld,  page 29.
Hexadecimal  [32-Bits]

Area                                    Addr        Size        Decimal Bytes (Attributes)
--------------------------------        ----        ----        ------- ----- ------------
_HEAP                               0000C14A    00000000 =           0. bytes (REL,CON)

      Value  Global                              Global Defined In Module
      -----  --------------------------------   ------------------------
     0000C14A  _malloc_heap_start                 Runtime

ASxxxx Linker V03.00 + NoICE + sdld,  page 30.

Files Linked                              [ module(s) ]

/home/ahris/Dropbox/LinuxDocuments/AdultWork/CTF2017/squareCTF2017/bin/../lib/crt0.rel
                                          [ Runtime ]
./obj/main.rel                            [ main ]


Libraries Linked                          [ object file ]

/home/ahris/Dropbox/LinuxDocuments/AdultWork/CTF2017/squareCTF2017/bin/../lib/gb.lib
                                          [ mv_win ]
/usr/bin/../share/sdcc/lib/gbz80/gbz80.lib
                                          [ _strcpy.rel ]
/home/ahris/Dropbox/LinuxDocuments/AdultWork/CTF2017/squareCTF2017/bin/../lib/gb.lib
                                          [ mv_spr ]
/home/ahris/Dropbox/LinuxDocuments/AdultWork/CTF2017/squareCTF2017/bin/../lib/gb.lib
                                          [ set_data ]
/home/ahris/Dropbox/LinuxDocuments/AdultWork/CTF2017/squareCTF2017/bin/../lib/gb.lib
                                          [ set_wi_t ]
/home/ahris/Dropbox/LinuxDocuments/AdultWork/CTF2017/squareCTF2017/bin/../lib/gb.lib
                                          [ pad ]
/usr/bin/../share/sdcc/lib/gbz80/gbz80.lib
                                          [ _memset.rel ]
/usr/bin/../share/sdcc/lib/gbz80/gbz80.lib
                                          [ _memcpy.rel ]
/home/ahris/Dropbox/LinuxDocuments/AdultWork/CTF2017/squareCTF2017/bin/../lib/gb.lib
                                          [ set_spr ]
/home/ahris/Dropbox/LinuxDocuments/AdultWork/CTF2017/squareCTF2017/bin/../lib/gb.lib
                                          [ delay ]
/usr/bin/../share/sdcc/lib/gbz80/gbz80.lib
                                          [ _strcat.rel ]
/usr/bin/../share/sdcc/lib/gbz80/gbz80.lib
                                          [ _strlen.rel ]
/home/ahris/Dropbox/LinuxDocuments/AdultWork/CTF2017/squareCTF2017/bin/../lib/gb.lib
                                          [ cpy_data ]
/home/ahris/Dropbox/LinuxDocuments/AdultWork/CTF2017/squareCTF2017/bin/../lib/gb.lib
                                          [ set_bk_t ]
/home/ahris/Dropbox/LinuxDocuments/AdultWork/CTF2017/squareCTF2017/bin/../lib/gb.lib
                                          [ set_xy_t ]

ASxxxx Linker V03.00 + NoICE + sdld,  page 31.

User Base Address Definitions

_CODE = 0x0200
_DATA = 0xc0a0

