ASxxxx Linker V03.00 + NoICE + sdld,  page 1.
Hexadecimal  [32-Bits]

Area                                    Addr        Size        Decimal Bytes (Attributes)
--------------------------------        ----        ----        ------- ----- ------------
.  .ABS.                            00000000    00000000 =           0. bytes (ABS,CON)

      Value  Global                              Global Defined In Module
      -----  --------------------------------   ------------------------
     00000000  .__.ABS.                           
     00000000  l__CABS                         
     00000000  l__DABS                         
     00000000  l__GSFINAL                      
     00000000  l__HEADER                       
     00000000  l__HEAP                         
     00000000  l__LIT                          
     00000000  s__CABS                         
     00000000  s__DABS                         
     00000000  s__HEADER                       
     00000000  s__HEADER0                      
     00000000  s__HEADER1                      
     00000000  s__HEADER10                     
     00000000  s__HEADER11                     
     00000000  s__HEADER12                     
     00000000  s__HEADER2                      
     00000000  s__HEADER3                      
     00000000  s__HEADER4                      
     00000000  s__HEADER5                      
     00000000  s__HEADER6                      
     00000000  s__HEADER7                      
     00000000  s__HEADER8                      
     00000000  s__HEADER9                      
     00000000  s__HEADERa                      
     00000000  s__HEADERb                      
     00000000  s__HEADERc                      
     00000000  s__HEADERd                      
     00000000  s__HEADERe                      
     00000000  s__HEADERf                      
     00000001  l__GSINITTAIL                   
     00000001  l__HEADER0                      
     00000001  l__HEADER12                     
     00000001  l__HEADERa                      
     00000001  l__HEADERb                      
     00000001  l__HEADERc                      
     00000001  l__HEADERe                      
     00000001  l__HEADERf                      
     00000002  l__HEADER10                     
     00000002  l__HEADERd                      
     00000003  l__HEADER9                      
     00000006  l__HEADER8                      
     00000007  l__HEADER2                      
     00000007  l__HEADER3                      
     00000007  l__HEADER4                      
     00000007  l__HEADER5                      
     00000010  l__HEADER1                      
     0000001F  l__HEADER6                      
     00000034  l__HEADER7                      
     00000059  l__BSS                          
     00000065  l__DATA                         
ASxxxx Linker V03.00 + NoICE + sdld,  page 2.
Hexadecimal  [32-Bits]

Area                                    Addr        Size        Decimal Bytes (Attributes)
--------------------------------        ----        ----        ------- ----- ------------
.  .ABS.                            00000000    00000000 =           0. bytes (ABS,CON)

      Value  Global                              Global Defined In Module
      -----  --------------------------------   ------------------------
     00000085  l__HEADER11                     
     00000105  l__GSINIT                       
     000001AC  l__HOME                         
     00000200  s__CODE                         
     00000203  l__BASE                         
     0000328C  l__CODE                         
     0000348C  s__HOME                         
     00003638  s__BASE                         
     0000383B  s__GSINIT                       
     0000383B  s__LIT                          
     00003940  s__GSINITTAIL                   
     00003941  s__GSFINAL                      
     0000C0A0  s__DATA                         
     0000C105  s__BSS                          
     0000C15E  s__HEAP                         

ASxxxx Linker V03.00 + NoICE + sdld,  page 3.
Hexadecimal  [32-Bits]

Area                                    Addr        Size        Decimal Bytes (Attributes)
--------------------------------        ----        ----        ------- ----- ------------
_CODE                               00000200    0000328C =       12940. bytes (REL,CON)

      Value  Global                              Global Defined In Module
      -----  --------------------------------   ------------------------
     00000200  _divide_UINT8                      mission
     00000212  _konami_code_seq                   mission
     0000021C  _solution_seq                      mission
     0000022C  _tv_static_1_map                   mission
     0000031C  _tv_static_2_map                   mission
     0000040C  _tv_static_3_map                   mission
     000004FC  _intro_scene_map                   mission
     000005EC  _intro_scene_tiles                 mission
     000011AC  _alleyway_map                      mission
     0000129C  _alleyway                          mission
     00001E7C  _agent                             mission
     00001EFC  _agent_flash                       mission
     00001F7C  _text_box                          mission
     00001FF4  _alphabet                          mission
     000022D4  _arrow_tile                        mission
     000022F4  _button                            mission
     00002354  _set_text_map                      mission
     000024EF  _clear_window                      mission
     00002510  _show_text                         mission
     00002549  _show_long_text                    mission
     00002657  _animate_and_wait_cursor           mission
     000026E3  _scroll_text                       mission
     0000273C  _shift_bg_map                      mission
     0000277F  _overlay_black_tiles               mission
     000027B6  _fade_screen_to_next               mission
     00002940  _sleep                             mission
     00002950  _process_button_press              mission
     000029A9  _number_of_bits_set                mission
     000029C9  _return_lsb_set                    mission
     000029DE  _log2                              mission
     000029ED  _display_button_press              mission
     00002A36  _check_konami_code                 mission
     00002AA9  _check_door_sequence               mission
     00002B26  _pass_level_1                      mission
     00002C00  _fail_level_1                      mission
     00002C40  _decrypt                           mission
     00002FC9  _remove_flag_padding               mission
     00002FFE  _show_agent                        mission
     00003023  _show_flash                        mission
     00003048  _intro_scene                       mission
     00003259  _main                              mission
     00003393  _strcpy                            _strcpy
     000033BA  _memset                            _memset
     000033EF  _memcpy                            _memcpy
     0000343B  _strcat                            _strcat
     0000346A  _strlen                            _strlen

ASxxxx Linker V03.00 + NoICE + sdld,  page 4.
Hexadecimal  [32-Bits]

Area                                    Addr        Size        Decimal Bytes (Attributes)
--------------------------------        ----        ----        ------- ----- ------------
_HEADER0                            00000000    00000001 =           1. bytes (ABS,CON)

      Value  Global                              Global Defined In Module
      -----  --------------------------------   ------------------------
ASxxxx Linker V03.00 + NoICE + sdld,  page 5.
Hexadecimal  [32-Bits]

Area                                    Addr        Size        Decimal Bytes (Attributes)
--------------------------------        ----        ----        ------- ----- ------------
_HEADER1                            00000000    00000010 =          16. bytes (ABS,CON)

      Value  Global                              Global Defined In Module
      -----  --------------------------------   ------------------------
ASxxxx Linker V03.00 + NoICE + sdld,  page 6.
Hexadecimal  [32-Bits]

Area                                    Addr        Size        Decimal Bytes (Attributes)
--------------------------------        ----        ----        ------- ----- ------------
_HEADER2                            00000000    00000007 =           7. bytes (ABS,CON)

      Value  Global                              Global Defined In Module
      -----  --------------------------------   ------------------------
ASxxxx Linker V03.00 + NoICE + sdld,  page 7.
Hexadecimal  [32-Bits]

Area                                    Addr        Size        Decimal Bytes (Attributes)
--------------------------------        ----        ----        ------- ----- ------------
_HEADER3                            00000000    00000007 =           7. bytes (ABS,CON)

      Value  Global                              Global Defined In Module
      -----  --------------------------------   ------------------------
ASxxxx Linker V03.00 + NoICE + sdld,  page 8.
Hexadecimal  [32-Bits]

Area                                    Addr        Size        Decimal Bytes (Attributes)
--------------------------------        ----        ----        ------- ----- ------------
_HEADER4                            00000000    00000007 =           7. bytes (ABS,CON)

      Value  Global                              Global Defined In Module
      -----  --------------------------------   ------------------------
ASxxxx Linker V03.00 + NoICE + sdld,  page 9.
Hexadecimal  [32-Bits]

Area                                    Addr        Size        Decimal Bytes (Attributes)
--------------------------------        ----        ----        ------- ----- ------------
_HEADER5                            00000000    00000007 =           7. bytes (ABS,CON)

      Value  Global                              Global Defined In Module
      -----  --------------------------------   ------------------------
ASxxxx Linker V03.00 + NoICE + sdld,  page 10.
Hexadecimal  [32-Bits]

Area                                    Addr        Size        Decimal Bytes (Attributes)
--------------------------------        ----        ----        ------- ----- ------------
_HEADER6                            00000000    0000001F =          31. bytes (ABS,CON)

      Value  Global                              Global Defined In Module
      -----  --------------------------------   ------------------------
ASxxxx Linker V03.00 + NoICE + sdld,  page 11.
Hexadecimal  [32-Bits]

Area                                    Addr        Size        Decimal Bytes (Attributes)
--------------------------------        ----        ----        ------- ----- ------------
_HEADER7                            00000000    00000034 =          52. bytes (ABS,CON)

      Value  Global                              Global Defined In Module
      -----  --------------------------------   ------------------------
ASxxxx Linker V03.00 + NoICE + sdld,  page 12.
Hexadecimal  [32-Bits]

Area                                    Addr        Size        Decimal Bytes (Attributes)
--------------------------------        ----        ----        ------- ----- ------------
_HEADER8                            00000000    00000006 =           6. bytes (ABS,CON)

      Value  Global                              Global Defined In Module
      -----  --------------------------------   ------------------------
ASxxxx Linker V03.00 + NoICE + sdld,  page 13.
Hexadecimal  [32-Bits]

Area                                    Addr        Size        Decimal Bytes (Attributes)
--------------------------------        ----        ----        ------- ----- ------------
_HEADER9                            00000000    00000003 =           3. bytes (ABS,CON)

      Value  Global                              Global Defined In Module
      -----  --------------------------------   ------------------------
ASxxxx Linker V03.00 + NoICE + sdld,  page 14.
Hexadecimal  [32-Bits]

Area                                    Addr        Size        Decimal Bytes (Attributes)
--------------------------------        ----        ----        ------- ----- ------------
_HEADERa                            00000000    00000001 =           1. bytes (ABS,CON)

      Value  Global                              Global Defined In Module
      -----  --------------------------------   ------------------------
ASxxxx Linker V03.00 + NoICE + sdld,  page 15.
Hexadecimal  [32-Bits]

Area                                    Addr        Size        Decimal Bytes (Attributes)
--------------------------------        ----        ----        ------- ----- ------------
_HEADERb                            00000000    00000001 =           1. bytes (ABS,CON)

      Value  Global                              Global Defined In Module
      -----  --------------------------------   ------------------------
ASxxxx Linker V03.00 + NoICE + sdld,  page 16.
Hexadecimal  [32-Bits]

Area                                    Addr        Size        Decimal Bytes (Attributes)
--------------------------------        ----        ----        ------- ----- ------------
_HEADERc                            00000000    00000001 =           1. bytes (ABS,CON)

      Value  Global                              Global Defined In Module
      -----  --------------------------------   ------------------------
ASxxxx Linker V03.00 + NoICE + sdld,  page 17.
Hexadecimal  [32-Bits]

Area                                    Addr        Size        Decimal Bytes (Attributes)
--------------------------------        ----        ----        ------- ----- ------------
_HEADERd                            00000000    00000002 =           2. bytes (ABS,CON)

      Value  Global                              Global Defined In Module
      -----  --------------------------------   ------------------------
ASxxxx Linker V03.00 + NoICE + sdld,  page 18.
Hexadecimal  [32-Bits]

Area                                    Addr        Size        Decimal Bytes (Attributes)
--------------------------------        ----        ----        ------- ----- ------------
_HEADERe                            00000000    00000001 =           1. bytes (ABS,CON)

      Value  Global                              Global Defined In Module
      -----  --------------------------------   ------------------------
ASxxxx Linker V03.00 + NoICE + sdld,  page 19.
Hexadecimal  [32-Bits]

Area                                    Addr        Size        Decimal Bytes (Attributes)
--------------------------------        ----        ----        ------- ----- ------------
_HEADERf                            00000000    00000001 =           1. bytes (ABS,CON)

      Value  Global                              Global Defined In Module
      -----  --------------------------------   ------------------------
ASxxxx Linker V03.00 + NoICE + sdld,  page 20.
Hexadecimal  [32-Bits]

Area                                    Addr        Size        Decimal Bytes (Attributes)
--------------------------------        ----        ----        ------- ----- ------------
_HEADER10                           00000000    00000002 =           2. bytes (ABS,CON)

      Value  Global                              Global Defined In Module
      -----  --------------------------------   ------------------------
ASxxxx Linker V03.00 + NoICE + sdld,  page 21.
Hexadecimal  [32-Bits]

Area                                    Addr        Size        Decimal Bytes (Attributes)
--------------------------------        ----        ----        ------- ----- ------------
_HEADER11                           00000000    00000085 =         133. bytes (ABS,CON)

      Value  Global                              Global Defined In Module
      -----  --------------------------------   ------------------------
     000001D2  _exit                              Runtime

ASxxxx Linker V03.00 + NoICE + sdld,  page 22.
Hexadecimal  [32-Bits]

Area                                    Addr        Size        Decimal Bytes (Attributes)
--------------------------------        ----        ----        ------- ----- ------------
_HEADER12                           00000000    00000001 =           1. bytes (ABS,CON)

      Value  Global                              Global Defined In Module
      -----  --------------------------------   ------------------------
ASxxxx Linker V03.00 + NoICE + sdld,  page 23.
Hexadecimal  [32-Bits]

Area                                    Addr        Size        Decimal Bytes (Attributes)
--------------------------------        ----        ----        ------- ----- ------------
_HOME                               0000348C    000001AC =         428. bytes (REL,CON)

      Value  Global                              Global Defined In Module
      -----  --------------------------------   ------------------------
     0000348C  .set_mode                          Runtime
     0000349C  .remove_VBL                        Runtime
     000034A2  .remove_LCD                        Runtime
     000034A8  .remove_TIM                        Runtime
     000034AE  .remove_SIO                        Runtime
     000034B4  .remove_JOY                        Runtime
     000034BA  .add_VBL                           Runtime
     000034C0  .add_LCD                           Runtime
     000034C6  .add_TIM                           Runtime
     000034CC  .add_SIO                           Runtime
     000034D2  .add_JOY                           Runtime
     000034D8  .remove_int                        Runtime
     000034F8  .add_int                           Runtime
     00003514  .wait_vbl_done                     Runtime
     00003514  _wait_vbl_done                     Runtime
     0000352B  .display_off                       Runtime
     0000352B  _display_off                       Runtime
     0000354C  .serial_IO                         Runtime
     0000357B  _mode                              Runtime
     00003584  _get_mode                          Runtime
     00003589  _enable_interrupts                 Runtime
     0000358B  _disable_interrupts                Runtime
     0000358D  .reset                             Runtime
     0000358D  _reset                             Runtime
     00003593  _set_interrupts                    Runtime
     0000359E  _remove_VBL                        Runtime
     000035A9  _remove_LCD                        Runtime
     000035B4  _remove_TIM                        Runtime
     000035BF  _remove_SIO                        Runtime
     000035CA  _remove_JOY                        Runtime
     000035D5  _add_VBL                           Runtime
     000035E0  _add_LCD                           Runtime
     000035EB  _add_TIM                           Runtime
     000035F6  _add_SIO                           Runtime
     00003601  _add_JOY                           Runtime
     0000360C  _clock                             Runtime
     00003615  __printTStates                     Runtime
     00003616  banked_call                        Runtime
     0000362F  banked_ret                         Runtime
ASxxxx Linker V03.00 + NoICE + sdld,  page 24.
Hexadecimal  [32-Bits]

Area                                    Addr        Size        Decimal Bytes (Attributes)
--------------------------------        ----        ----        ------- ----- ------------
_BASE                               00003638    00000203 =         515. bytes (REL,CON)

      Value  Global                              Global Defined In Module
      -----  --------------------------------   ------------------------
     00003638  _move_win                          
     00003641  .mv_sprite                         
     00003650  _move_sprite                       
     0000365D  _set_bkg_data                      
     0000365D  _set_win_data                      
     000036AA  _set_sprite_data                   
     000036D9  _set_win_tiles                     
     000036ED  .padup                             
     000036ED  _waitpadup                         
     000036FD  .jpad                              
     0000372A  .wait_pad                          
     00003731  _joypad                            
     00003736  _waitpad                           
     00003740  .set_sprite_tile                   
     0000374D  _set_sprite_tile                   
     00003758  .delay                             
     00003792  _delay                             
     0000379B  .copy_vram                         
     000037AA  _get_data                          
     000037AA  _set_data                          
     000037BD  _set_bkg_tiles                     
     000037D1  .set_xy_wtt                        
     000037E2  .set_xy_btt                        
     000037F1  .set_xy_tt                         
     00003822  _set_tiles                         

ASxxxx Linker V03.00 + NoICE + sdld,  page 25.
Hexadecimal  [32-Bits]

Area                                    Addr        Size        Decimal Bytes (Attributes)
--------------------------------        ----        ----        ------- ----- ------------
_GSINIT                             0000383B    00000105 =         261. bytes (REL,CON)

      Value  Global                              Global Defined In Module
      -----  --------------------------------   ------------------------
     0000383B  gsinit                             Runtime

ASxxxx Linker V03.00 + NoICE + sdld,  page 26.
Hexadecimal  [32-Bits]

Area                                    Addr        Size        Decimal Bytes (Attributes)
--------------------------------        ----        ----        ------- ----- ------------
_GSINITTAIL                         00003940    00000001 =           1. bytes (REL,CON)

      Value  Global                              Global Defined In Module
      -----  --------------------------------   ------------------------
ASxxxx Linker V03.00 + NoICE + sdld,  page 27.
Hexadecimal  [32-Bits]

Area                                    Addr        Size        Decimal Bytes (Attributes)
--------------------------------        ----        ----        ------- ----- ------------
_DATA                               0000C0A0    00000065 =         101. bytes (REL,CON)

      Value  Global                              Global Defined In Module
      -----  --------------------------------   ------------------------
     0000C0A0  _text_map                          mission
     0000C0C0  _input_seq                         mission
     0000C0D0  _input_seq_ctr                     mission
     0000C0D1  _flag_a                            mission
     0000C0D9  _flag_b                            mission
     0000C0E1  _key_a                             mission
     0000C0F1  _key_b                             mission
     0000C101  _level_1_table                     mission

ASxxxx Linker V03.00 + NoICE + sdld,  page 28.
Hexadecimal  [32-Bits]

Area                                    Addr        Size        Decimal Bytes (Attributes)
--------------------------------        ----        ----        ------- ----- ------------
_BSS                                0000C105    00000059 =          89. bytes (REL,CON)

      Value  Global                              Global Defined In Module
      -----  --------------------------------   ------------------------
     0000C105  __cpu                              Runtime
     0000C106  .mode                              Runtime
     0000C107  __io_out                           Runtime
     0000C108  __io_in                            Runtime
     0000C109  __io_status                        Runtime
     0000C10A  .vbl_done                          Runtime
     0000C10B  __current_bank                     Runtime
     0000C10C  .sys_time                          Runtime
     0000C10C  _sys_time                          Runtime
     0000C10E  .int_0x40                          Runtime
     0000C11E  .int_0x48                          Runtime
     0000C12E  .int_0x50                          Runtime
     0000C13E  .int_0x58                          Runtime
     0000C14E  .int_0x60                          Runtime

ASxxxx Linker V03.00 + NoICE + sdld,  page 29.
Hexadecimal  [32-Bits]

Area                                    Addr        Size        Decimal Bytes (Attributes)
--------------------------------        ----        ----        ------- ----- ------------
_HEAP                               0000C15E    00000000 =           0. bytes (REL,CON)

      Value  Global                              Global Defined In Module
      -----  --------------------------------   ------------------------
     0000C15E  _malloc_heap_start                 Runtime

ASxxxx Linker V03.00 + NoICE + sdld,  page 30.

Files Linked                              [ module(s) ]

/home/ahris/Dropbox/LinuxDocuments/AdultWork/CTF2017/squareCTF2017/bin/../lib/crt0.rel
                                          [ Runtime ]
./obj/mission.rel                         [ mission ]


Libraries Linked                          [ object file ]

/home/ahris/Dropbox/LinuxDocuments/AdultWork/CTF2017/squareCTF2017/bin/../lib/gb.lib
                                          [ mv_win ]
/usr/bin/../share/sdcc/lib/gbz80/gbz80.lib
                                          [ _strcpy.rel ]
/home/ahris/Dropbox/LinuxDocuments/AdultWork/CTF2017/squareCTF2017/bin/../lib/gb.lib
                                          [ mv_spr ]
/home/ahris/Dropbox/LinuxDocuments/AdultWork/CTF2017/squareCTF2017/bin/../lib/gb.lib
                                          [ set_data ]
/home/ahris/Dropbox/LinuxDocuments/AdultWork/CTF2017/squareCTF2017/bin/../lib/gb.lib
                                          [ set_wi_t ]
/home/ahris/Dropbox/LinuxDocuments/AdultWork/CTF2017/squareCTF2017/bin/../lib/gb.lib
                                          [ pad ]
/usr/bin/../share/sdcc/lib/gbz80/gbz80.lib
                                          [ _memset.rel ]
/usr/bin/../share/sdcc/lib/gbz80/gbz80.lib
                                          [ _memcpy.rel ]
/home/ahris/Dropbox/LinuxDocuments/AdultWork/CTF2017/squareCTF2017/bin/../lib/gb.lib
                                          [ set_spr ]
/home/ahris/Dropbox/LinuxDocuments/AdultWork/CTF2017/squareCTF2017/bin/../lib/gb.lib
                                          [ delay ]
/usr/bin/../share/sdcc/lib/gbz80/gbz80.lib
                                          [ _strcat.rel ]
/usr/bin/../share/sdcc/lib/gbz80/gbz80.lib
                                          [ _strlen.rel ]
/home/ahris/Dropbox/LinuxDocuments/AdultWork/CTF2017/squareCTF2017/bin/../lib/gb.lib
                                          [ cpy_data ]
/home/ahris/Dropbox/LinuxDocuments/AdultWork/CTF2017/squareCTF2017/bin/../lib/gb.lib
                                          [ set_bk_t ]
/home/ahris/Dropbox/LinuxDocuments/AdultWork/CTF2017/squareCTF2017/bin/../lib/gb.lib
                                          [ set_xy_t ]

ASxxxx Linker V03.00 + NoICE + sdld,  page 31.

User Base Address Definitions

_CODE = 0x0200
_DATA = 0xc0a0

