ASxxxx Linker V03.00 + NoICE + sdld,  page 1.
Hexadecimal  [32-Bits]

Area                                    Addr        Size        Decimal Bytes (Attributes)
--------------------------------        ----        ----        ------- ----- ------------
.  .ABS.                            00000000    00000000 =           0. bytes (ABS,CON)

      Value  Global                              Global Defined In Module
      -----  --------------------------------   ------------------------
     00000000  .__.ABS.                           
     00000000  l__CABS                         
     00000000  l__DABS                         
     00000000  l__GSFINAL                      
     00000000  l__HEADER                       
     00000000  l__HEAP                         
     00000000  l__LIT                          
     00000000  s__CABS                         
     00000000  s__DABS                         
     00000000  s__HEADER                       
     00000000  s__HEADER0                      
     00000000  s__HEADER1                      
     00000000  s__HEADER10                     
     00000000  s__HEADER11                     
     00000000  s__HEADER12                     
     00000000  s__HEADER2                      
     00000000  s__HEADER3                      
     00000000  s__HEADER4                      
     00000000  s__HEADER5                      
     00000000  s__HEADER6                      
     00000000  s__HEADER7                      
     00000000  s__HEADER8                      
     00000000  s__HEADER9                      
     00000000  s__HEADERa                      
     00000000  s__HEADERb                      
     00000000  s__HEADERc                      
     00000000  s__HEADERd                      
     00000000  s__HEADERe                      
     00000000  s__HEADERf                      
     00000001  l__GSINITTAIL                   
     00000001  l__HEADER0                      
     00000001  l__HEADER12                     
     00000001  l__HEADERa                      
     00000001  l__HEADERb                      
     00000001  l__HEADERc                      
     00000001  l__HEADERe                      
     00000001  l__HEADERf                      
     00000002  l__HEADER10                     
     00000002  l__HEADERd                      
     00000003  l__HEADER9                      
     00000006  l__HEADER8                      
     00000007  l__HEADER2                      
     00000007  l__HEADER3                      
     00000007  l__HEADER4                      
     00000007  l__HEADER5                      
     00000010  l__HEADER1                      
     0000001F  l__HEADER6                      
     00000034  l__HEADER7                      
     00000059  l__BSS                          
     00000085  l__HEADER11                     
ASxxxx Linker V03.00 + NoICE + sdld,  page 2.
Hexadecimal  [32-Bits]

Area                                    Addr        Size        Decimal Bytes (Attributes)
--------------------------------        ----        ----        ------- ----- ------------
.  .ABS.                            00000000    00000000 =           0. bytes (ABS,CON)

      Value  Global                              Global Defined In Module
      -----  --------------------------------   ------------------------
     000001AC  l__HOME                         
     00000200  s__CODE                         
     00000296  l__BASE                         
     000008BF  l__CODE                         
     00000ABF  s__HOME                         
     00000ADC  l__DATA                         
     00000C6B  s__BASE                         
     00000F01  s__GSINIT                       
     00000F01  s__LIT                          
     0000364C  l__GSINIT                       
     0000454D  s__GSINITTAIL                   
     0000454E  s__GSFINAL                      
     0000C0A0  s__DATA                         
     0000CB7C  s__BSS                          
     0000CBD5  s__HEAP                         

ASxxxx Linker V03.00 + NoICE + sdld,  page 3.
Hexadecimal  [32-Bits]

Area                                    Addr        Size        Decimal Bytes (Attributes)
--------------------------------        ----        ----        ------- ----- ------------
_CODE                               00000200    000008BF =        2239. bytes (REL,CON)

      Value  Global                              Global Defined In Module
      -----  --------------------------------   ------------------------
     00000200  _set_text_map                      thumby
     00000200  _set_text_map_start                thumby
     00000323  _clear_window                      thumby
     00000323  _clear_window_start                thumby
     00000323  _set_text_map_end                  thumby
     00000344  _clear_window_end                  thumby
     00000344  _divide_ubyte                      thumby
     00000344  _divide_ubyte_start                thumby
     00000356  _divide_ubyte_end                  thumby
     00000356  _scroll_text                       thumby
     00000356  _scroll_text_start                 thumby
     000003AE  _scroll_text_end                   thumby
     000003AE  _sleep                             thumby
     000003AE  _sleep_start                       thumby
     000003BE  _process_button_press              thumby
     000003BE  _process_button_press_start        thumby
     000003BE  _sleep_end                         thumby
     00000486  _process_button_press_end          thumby
     00000486  _set_girl_sprite                   thumby
     00000486  _set_girl_sprite_start             thumby
     0000049D  _set_girl_sprite_end               thumby
     0000049D  _update_girl_sprite                thumby
     0000049D  _update_girl_sprite_start          thumby
     00000538  _check_level_one                   thumby
     00000538  _check_level_one_start             thumby
     00000538  _update_girl_sprite_end            thumby
     000006F7  _check_level_one_end               thumby
     000006F7  _pass_level_one                    thumby
     000006F7  _pass_level_one_start              thumby
     00000758  _pass_level_one_end                thumby
     000007AE  _show_text                         thumby
     000007AE  _show_text_start                   thumby
     0000085E  _main                              thumby
     0000085E  _main_start                        thumby
     0000085E  _show_text_end                     thumby
     000009AD  _main_end                          thumby
     000009E6  _memcmp                            _memcmp
     000009E6  _memcmp_start                      _memcmp
     00000A69  _memcmp_end                        _memcmp
     00000A69  _memset                            _memset
     00000A69  _memset_start                      _memset
     00000A9E  _memset_end                        _memset
     00000A9E  _strlen                            _strlen
     00000A9E  _strlen_start                      _strlen
     00000ABF  _strlen_end                        _strlen
ASxxxx Linker V03.00 + NoICE + sdld,  page 4.
Hexadecimal  [32-Bits]

Area                                    Addr        Size        Decimal Bytes (Attributes)
--------------------------------        ----        ----        ------- ----- ------------
_HEADER0                            00000000    00000001 =           1. bytes (ABS,CON)

      Value  Global                              Global Defined In Module
      -----  --------------------------------   ------------------------
ASxxxx Linker V03.00 + NoICE + sdld,  page 5.
Hexadecimal  [32-Bits]

Area                                    Addr        Size        Decimal Bytes (Attributes)
--------------------------------        ----        ----        ------- ----- ------------
_HEADER1                            00000000    00000010 =          16. bytes (ABS,CON)

      Value  Global                              Global Defined In Module
      -----  --------------------------------   ------------------------
ASxxxx Linker V03.00 + NoICE + sdld,  page 6.
Hexadecimal  [32-Bits]

Area                                    Addr        Size        Decimal Bytes (Attributes)
--------------------------------        ----        ----        ------- ----- ------------
_HEADER2                            00000000    00000007 =           7. bytes (ABS,CON)

      Value  Global                              Global Defined In Module
      -----  --------------------------------   ------------------------
ASxxxx Linker V03.00 + NoICE + sdld,  page 7.
Hexadecimal  [32-Bits]

Area                                    Addr        Size        Decimal Bytes (Attributes)
--------------------------------        ----        ----        ------- ----- ------------
_HEADER3                            00000000    00000007 =           7. bytes (ABS,CON)

      Value  Global                              Global Defined In Module
      -----  --------------------------------   ------------------------
ASxxxx Linker V03.00 + NoICE + sdld,  page 8.
Hexadecimal  [32-Bits]

Area                                    Addr        Size        Decimal Bytes (Attributes)
--------------------------------        ----        ----        ------- ----- ------------
_HEADER4                            00000000    00000007 =           7. bytes (ABS,CON)

      Value  Global                              Global Defined In Module
      -----  --------------------------------   ------------------------
ASxxxx Linker V03.00 + NoICE + sdld,  page 9.
Hexadecimal  [32-Bits]

Area                                    Addr        Size        Decimal Bytes (Attributes)
--------------------------------        ----        ----        ------- ----- ------------
_HEADER5                            00000000    00000007 =           7. bytes (ABS,CON)

      Value  Global                              Global Defined In Module
      -----  --------------------------------   ------------------------
ASxxxx Linker V03.00 + NoICE + sdld,  page 10.
Hexadecimal  [32-Bits]

Area                                    Addr        Size        Decimal Bytes (Attributes)
--------------------------------        ----        ----        ------- ----- ------------
_HEADER6                            00000000    0000001F =          31. bytes (ABS,CON)

      Value  Global                              Global Defined In Module
      -----  --------------------------------   ------------------------
ASxxxx Linker V03.00 + NoICE + sdld,  page 11.
Hexadecimal  [32-Bits]

Area                                    Addr        Size        Decimal Bytes (Attributes)
--------------------------------        ----        ----        ------- ----- ------------
_HEADER7                            00000000    00000034 =          52. bytes (ABS,CON)

      Value  Global                              Global Defined In Module
      -----  --------------------------------   ------------------------
ASxxxx Linker V03.00 + NoICE + sdld,  page 12.
Hexadecimal  [32-Bits]

Area                                    Addr        Size        Decimal Bytes (Attributes)
--------------------------------        ----        ----        ------- ----- ------------
_HEADER8                            00000000    00000006 =           6. bytes (ABS,CON)

      Value  Global                              Global Defined In Module
      -----  --------------------------------   ------------------------
ASxxxx Linker V03.00 + NoICE + sdld,  page 13.
Hexadecimal  [32-Bits]

Area                                    Addr        Size        Decimal Bytes (Attributes)
--------------------------------        ----        ----        ------- ----- ------------
_HEADER9                            00000000    00000003 =           3. bytes (ABS,CON)

      Value  Global                              Global Defined In Module
      -----  --------------------------------   ------------------------
ASxxxx Linker V03.00 + NoICE + sdld,  page 14.
Hexadecimal  [32-Bits]

Area                                    Addr        Size        Decimal Bytes (Attributes)
--------------------------------        ----        ----        ------- ----- ------------
_HEADERa                            00000000    00000001 =           1. bytes (ABS,CON)

      Value  Global                              Global Defined In Module
      -----  --------------------------------   ------------------------
ASxxxx Linker V03.00 + NoICE + sdld,  page 15.
Hexadecimal  [32-Bits]

Area                                    Addr        Size        Decimal Bytes (Attributes)
--------------------------------        ----        ----        ------- ----- ------------
_HEADERb                            00000000    00000001 =           1. bytes (ABS,CON)

      Value  Global                              Global Defined In Module
      -----  --------------------------------   ------------------------
ASxxxx Linker V03.00 + NoICE + sdld,  page 16.
Hexadecimal  [32-Bits]

Area                                    Addr        Size        Decimal Bytes (Attributes)
--------------------------------        ----        ----        ------- ----- ------------
_HEADERc                            00000000    00000001 =           1. bytes (ABS,CON)

      Value  Global                              Global Defined In Module
      -----  --------------------------------   ------------------------
ASxxxx Linker V03.00 + NoICE + sdld,  page 17.
Hexadecimal  [32-Bits]

Area                                    Addr        Size        Decimal Bytes (Attributes)
--------------------------------        ----        ----        ------- ----- ------------
_HEADERd                            00000000    00000002 =           2. bytes (ABS,CON)

      Value  Global                              Global Defined In Module
      -----  --------------------------------   ------------------------
ASxxxx Linker V03.00 + NoICE + sdld,  page 18.
Hexadecimal  [32-Bits]

Area                                    Addr        Size        Decimal Bytes (Attributes)
--------------------------------        ----        ----        ------- ----- ------------
_HEADERe                            00000000    00000001 =           1. bytes (ABS,CON)

      Value  Global                              Global Defined In Module
      -----  --------------------------------   ------------------------
ASxxxx Linker V03.00 + NoICE + sdld,  page 19.
Hexadecimal  [32-Bits]

Area                                    Addr        Size        Decimal Bytes (Attributes)
--------------------------------        ----        ----        ------- ----- ------------
_HEADERf                            00000000    00000001 =           1. bytes (ABS,CON)

      Value  Global                              Global Defined In Module
      -----  --------------------------------   ------------------------
ASxxxx Linker V03.00 + NoICE + sdld,  page 20.
Hexadecimal  [32-Bits]

Area                                    Addr        Size        Decimal Bytes (Attributes)
--------------------------------        ----        ----        ------- ----- ------------
_HEADER10                           00000000    00000002 =           2. bytes (ABS,CON)

      Value  Global                              Global Defined In Module
      -----  --------------------------------   ------------------------
ASxxxx Linker V03.00 + NoICE + sdld,  page 21.
Hexadecimal  [32-Bits]

Area                                    Addr        Size        Decimal Bytes (Attributes)
--------------------------------        ----        ----        ------- ----- ------------
_HEADER11                           00000000    00000085 =         133. bytes (ABS,CON)

      Value  Global                              Global Defined In Module
      -----  --------------------------------   ------------------------
     000001D2  _exit                              Runtime

ASxxxx Linker V03.00 + NoICE + sdld,  page 22.
Hexadecimal  [32-Bits]

Area                                    Addr        Size        Decimal Bytes (Attributes)
--------------------------------        ----        ----        ------- ----- ------------
_HEADER12                           00000000    00000001 =           1. bytes (ABS,CON)

      Value  Global                              Global Defined In Module
      -----  --------------------------------   ------------------------
ASxxxx Linker V03.00 + NoICE + sdld,  page 23.
Hexadecimal  [32-Bits]

Area                                    Addr        Size        Decimal Bytes (Attributes)
--------------------------------        ----        ----        ------- ----- ------------
_HOME                               00000ABF    000001AC =         428. bytes (REL,CON)

      Value  Global                              Global Defined In Module
      -----  --------------------------------   ------------------------
     00000ABF  .set_mode                          Runtime
     00000ACF  .remove_VBL                        Runtime
     00000AD5  .remove_LCD                        Runtime
     00000ADB  .remove_TIM                        Runtime
     00000AE1  .remove_SIO                        Runtime
     00000AE7  .remove_JOY                        Runtime
     00000AED  .add_VBL                           Runtime
     00000AF3  .add_LCD                           Runtime
     00000AF9  .add_TIM                           Runtime
     00000AFF  .add_SIO                           Runtime
     00000B05  .add_JOY                           Runtime
     00000B0B  .remove_int                        Runtime
     00000B2B  .add_int                           Runtime
     00000B47  .wait_vbl_done                     Runtime
     00000B47  _wait_vbl_done                     Runtime
     00000B5E  .display_off                       Runtime
     00000B5E  _display_off                       Runtime
     00000B7F  .serial_IO                         Runtime
     00000BAE  _mode                              Runtime
     00000BB7  _get_mode                          Runtime
     00000BBC  _enable_interrupts                 Runtime
     00000BBE  _disable_interrupts                Runtime
     00000BC0  .reset                             Runtime
     00000BC0  _reset                             Runtime
     00000BC6  _set_interrupts                    Runtime
     00000BD1  _remove_VBL                        Runtime
     00000BDC  _remove_LCD                        Runtime
     00000BE7  _remove_TIM                        Runtime
     00000BF2  _remove_SIO                        Runtime
     00000BFD  _remove_JOY                        Runtime
     00000C08  _add_VBL                           Runtime
     00000C13  _add_LCD                           Runtime
     00000C1E  _add_TIM                           Runtime
     00000C29  _add_SIO                           Runtime
     00000C34  _add_JOY                           Runtime
     00000C3F  _clock                             Runtime
     00000C48  __printTStates                     Runtime
     00000C49  banked_call                        Runtime
     00000C62  banked_ret                         Runtime
ASxxxx Linker V03.00 + NoICE + sdld,  page 24.
Hexadecimal  [32-Bits]

Area                                    Addr        Size        Decimal Bytes (Attributes)
--------------------------------        ----        ----        ------- ----- ------------
_BASE                               00000C6B    00000296 =         662. bytes (REL,CON)

      Value  Global                              Global Defined In Module
      -----  --------------------------------   ------------------------
     00000C6B  _move_win                          
     00000C74  .padup                             
     00000C74  _waitpadup                         
     00000C84  .jpad                              
     00000CB1  .wait_pad                          
     00000CB8  _joypad                            
     00000CBD  _waitpad                           
     00000CC7  .mv_sprite                         
     00000CD6  _move_sprite                       
     00000CE3  _get_bkg_data                      
     00000CE3  _get_win_data                      
     00000D30  _get_sprite_data                   
     00000D60  _set_bkg_data                      
     00000D60  _set_win_data                      
     00000DAD  _set_sprite_data                   
     00000DDC  _set_win_tiles                     
     00000DF0  .get_sprite_tile                   
     00000DFD  _get_sprite_tile                   
     00000E06  .set_sprite_tile                   
     00000E13  _set_sprite_tile                   
     00000E1E  .delay                             
     00000E58  _delay                             
     00000E61  .copy_vram                         
     00000E70  _get_data                          
     00000E70  _set_data                          
     00000E83  _set_bkg_tiles                     
     00000E97  .set_xy_wtt                        
     00000EA8  .set_xy_btt                        
     00000EB7  .set_xy_tt                         
     00000EE8  _set_tiles                         
ASxxxx Linker V03.00 + NoICE + sdld,  page 25.
Hexadecimal  [32-Bits]

Area                                    Addr        Size        Decimal Bytes (Attributes)
--------------------------------        ----        ----        ------- ----- ------------
_GSINIT                             00000F01    0000364C =       13900. bytes (REL,CON)

      Value  Global                              Global Defined In Module
      -----  --------------------------------   ------------------------
     00000F01  gsinit                             Runtime

ASxxxx Linker V03.00 + NoICE + sdld,  page 26.
Hexadecimal  [32-Bits]

Area                                    Addr        Size        Decimal Bytes (Attributes)
--------------------------------        ----        ----        ------- ----- ------------
_GSINITTAIL                         0000454D    00000001 =           1. bytes (REL,CON)

      Value  Global                              Global Defined In Module
      -----  --------------------------------   ------------------------
ASxxxx Linker V03.00 + NoICE + sdld,  page 27.
Hexadecimal  [32-Bits]

Area                                    Addr        Size        Decimal Bytes (Attributes)
--------------------------------        ----        ----        ------- ----- ------------
_DATA                               0000C0A0    00000ADC =        2780. bytes (REL,CON)

      Value  Global                              Global Defined In Module
      -----  --------------------------------   ------------------------
     0000C0A0  _grass_tiles                       thumby
     0000C0F0  _grass_field                       thumby
     0000C4F0  _girl_tiles                        thumby
     0000C5F0  _girl_pj_tiles                     thumby
     0000C6F0  _window_border                     thumby
     0000C780  _text_box                          thumby
     0000C7F8  _alphabet                          thumby
     0000CAE8  _arrow_tile                        thumby
     0000CB08  _text_map                          thumby
     0000CB28  _python_puzzle                     thumby

ASxxxx Linker V03.00 + NoICE + sdld,  page 28.
Hexadecimal  [32-Bits]

Area                                    Addr        Size        Decimal Bytes (Attributes)
--------------------------------        ----        ----        ------- ----- ------------
_BSS                                0000CB7C    00000059 =          89. bytes (REL,CON)

      Value  Global                              Global Defined In Module
      -----  --------------------------------   ------------------------
     0000CB7C  __cpu                              Runtime
     0000CB7D  .mode                              Runtime
     0000CB7E  __io_out                           Runtime
     0000CB7F  __io_in                            Runtime
     0000CB80  __io_status                        Runtime
     0000CB81  .vbl_done                          Runtime
     0000CB82  __current_bank                     Runtime
     0000CB83  .sys_time                          Runtime
     0000CB83  _sys_time                          Runtime
     0000CB85  .int_0x40                          Runtime
     0000CB95  .int_0x48                          Runtime
     0000CBA5  .int_0x50                          Runtime
     0000CBB5  .int_0x58                          Runtime
     0000CBC5  .int_0x60                          Runtime

ASxxxx Linker V03.00 + NoICE + sdld,  page 29.
Hexadecimal  [32-Bits]

Area                                    Addr        Size        Decimal Bytes (Attributes)
--------------------------------        ----        ----        ------- ----- ------------
_HEAP                               0000CBD5    00000000 =           0. bytes (REL,CON)

      Value  Global                              Global Defined In Module
      -----  --------------------------------   ------------------------
     0000CBD5  _malloc_heap_start                 Runtime

ASxxxx Linker V03.00 + NoICE + sdld,  page 30.

Files Linked                              [ module(s) ]

/home/ahris/Dropbox/LinuxDocuments/AdultWork/CTF2017/squareCTF2017/bin/../lib/crt0.rel
                                          [ Runtime ]
./obj/thumby.rel                          [ thumby ]


Libraries Linked                          [ object file ]

/home/ahris/Dropbox/LinuxDocuments/AdultWork/CTF2017/squareCTF2017/bin/../lib/gb.lib
                                          [ mv_win ]
/home/ahris/Dropbox/LinuxDocuments/AdultWork/CTF2017/squareCTF2017/bin/../lib/gb.lib
                                          [ pad ]
/home/ahris/Dropbox/LinuxDocuments/AdultWork/CTF2017/squareCTF2017/bin/../lib/gb.lib
                                          [ mv_spr ]
/home/ahris/Dropbox/LinuxDocuments/AdultWork/CTF2017/squareCTF2017/bin/../lib/gb.lib
                                          [ get_data ]
/home/ahris/Dropbox/LinuxDocuments/AdultWork/CTF2017/squareCTF2017/bin/../lib/gb.lib
                                          [ set_data ]
/home/ahris/Dropbox/LinuxDocuments/AdultWork/CTF2017/squareCTF2017/bin/../lib/gb.lib
                                          [ set_wi_t ]
/usr/bin/../share/sdcc/lib/gbz80/gbz80.lib
                                          [ _memcmp.rel ]
/home/ahris/Dropbox/LinuxDocuments/AdultWork/CTF2017/squareCTF2017/bin/../lib/gb.lib
                                          [ get_spr ]
/usr/bin/../share/sdcc/lib/gbz80/gbz80.lib
                                          [ _memset.rel ]
/home/ahris/Dropbox/LinuxDocuments/AdultWork/CTF2017/squareCTF2017/bin/../lib/gb.lib
                                          [ set_spr ]
/home/ahris/Dropbox/LinuxDocuments/AdultWork/CTF2017/squareCTF2017/bin/../lib/gb.lib
                                          [ delay ]
/usr/bin/../share/sdcc/lib/gbz80/gbz80.lib
                                          [ _strlen.rel ]
/home/ahris/Dropbox/LinuxDocuments/AdultWork/CTF2017/squareCTF2017/bin/../lib/gb.lib
                                          [ cpy_data ]
/home/ahris/Dropbox/LinuxDocuments/AdultWork/CTF2017/squareCTF2017/bin/../lib/gb.lib
                                          [ set_bk_t ]
/home/ahris/Dropbox/LinuxDocuments/AdultWork/CTF2017/squareCTF2017/bin/../lib/gb.lib
                                          [ set_xy_t ]

ASxxxx Linker V03.00 + NoICE + sdld,  page 31.

User Base Address Definitions

_CODE = 0x0200
_DATA = 0xc0a0

