ASxxxx Linker V03.00 + NoICE + sdld,  page 1.
Hexadecimal  [32-Bits]

Area                                    Addr        Size        Decimal Bytes (Attributes)
--------------------------------        ----        ----        ------- ----- ------------
.  .ABS.                            00000000    00000000 =           0. bytes (ABS,CON)

      Value  Global                              Global Defined In Module
      -----  --------------------------------   ------------------------
     00000000  .__.ABS.                           font.ms
     00000000  l__CABS                         
     00000000  l__DABS                         
     00000000  l__GSFINAL                      
     00000000  l__GSINIT                       
     00000000  l__HEADER                       
     00000000  l__HEAP                         
     00000000  l__LIT                          
     00000000  s__CABS                         
     00000000  s__DABS                         
     00000000  s__HEADER                       
     00000000  s__HEADER0                      
     00000000  s__HEADER1                      
     00000000  s__HEADER10                     
     00000000  s__HEADER11                     
     00000000  s__HEADER12                     
     00000000  s__HEADER2                      
     00000000  s__HEADER3                      
     00000000  s__HEADER4                      
     00000000  s__HEADER5                      
     00000000  s__HEADER6                      
     00000000  s__HEADER7                      
     00000000  s__HEADER8                      
     00000000  s__HEADER9                      
     00000000  s__HEADERa                      
     00000000  s__HEADERb                      
     00000000  s__HEADERc                      
     00000000  s__HEADERd                      
     00000000  s__HEADERe                      
     00000000  s__HEADERf                      
     00000001  l__GSINITTAIL                   
     00000001  l__HEADER12                     
     00000001  l__HEADERa                      
     00000001  l__HEADERb                      
     00000001  l__HEADERc                      
     00000001  l__HEADERe                      
     00000001  l__HEADERf                      
     00000002  l__HEADER10                     
     00000002  l__HEADERd                      
     00000003  l__HEADER9                      
     00000006  l__HEADER8                      
     00000007  l__HEADER0                      
     00000007  l__HEADER2                      
     00000007  l__HEADER3                      
     00000007  l__HEADER4                      
     00000007  l__HEADER5                      
     00000010  l__HEADER1                      
     0000001F  l__HEADER6                      
     00000034  l__HEADER7                      
     00000084  l__BSS                          
ASxxxx Linker V03.00 + NoICE + sdld,  page 2.
Hexadecimal  [32-Bits]

Area                                    Addr        Size        Decimal Bytes (Attributes)
--------------------------------        ----        ----        ------- ----- ------------
.  .ABS.                            00000000    00000000 =           0. bytes (ABS,CON)

      Value  Global                              Global Defined In Module
      -----  --------------------------------   ------------------------
     00000085  l__HEADER11                     
     000001AC  l__HOME                         
     00000200  s__CODE                         
     00000307  l__DATA                         
     00000F3F  l__BASE                         
     000019D3  l__CODE                         
     00001BD3  s__HOME                         
     00001D7F  s__BASE                         
     00002CBE  s__GSINIT                       
     00002CBE  s__GSINITTAIL                   
     00002CBE  s__LIT                          
     00002CBF  s__GSFINAL                      
     0000C0A0  s__DATA                         
     0000C3A7  s__BSS                          
     0000C42B  s__HEAP                         

ASxxxx Linker V03.00 + NoICE + sdld,  page 3.
Hexadecimal  [32-Bits]

Area                                    Addr        Size        Decimal Bytes (Attributes)
--------------------------------        ----        ----        ------- ----- ------------
_CODE                               00000200    000019D3 =        6611. bytes (REL,CON)

      Value  Global                              Global Defined In Module
      -----  --------------------------------   ------------------------
     00000200  _set_cursor                        paint
     00000200  _set_cursor_start                  paint
     000002D6  _icons                             paint
     000002D6  _set_cursor_end                    paint
     0000038A  _data                              paint
     0000068A  _selected_data                     paint
     0000098A  _cursors                           paint
     000009A8  _cursors_data                      paint
     00000AF8  _colors                            paint
     00000AFC  _modes                             paint
     00000B00  _move_cursor                       paint
     00000B00  _move_cursor_start                 paint
     00000BBE  _move_cursor_end                   paint
     00000BBE  _move_menu_cursor                  paint
     00000BBE  _move_menu_cursor_start            paint
     00000C1C  _move_menu_cursor_end              paint
     00000C1C  _set_icon                          paint
     00000C1C  _set_icon_start                    paint
     00000D4F  _change_icon                       paint
     00000D4F  _change_icon_start                 paint
     00000D4F  _set_icon_end                      paint
     00000E56  _change_icon_end                   paint
     00000E56  _reset_icon                        paint
     00000E56  _reset_icon_start                  paint
     00000F3F  _reset_icon_end                    paint
     00000F3F  _splash                            paint
     00000F3F  _splash_start                      paint
     0000103D  _menu                              paint
     0000103D  _menu_start                        paint
     0000103D  _splash_end                        paint
     000012DE  _menu_end                          paint
     000012DE  _run                               paint
     000012DE  _run_start                         paint
     00001434  _main                              paint
     00001434  _main_start                        paint
     00001434  _run_end                           paint
     00001462  .adv_gcurs                         Drawing1
     00001462  _main_end                          paint
     0000147F  .circle                            Drawing1
     00001522  .horlin                            Drawing1
     0000155A  .verlin                            Drawing1
     000015B6  .circplot                          Drawing1
     00001634  .box                               Drawing1
     0000170A  .line                              Drawing1
     0000182B  .xonly                             Drawing1
     0000197A  .yonly                             Drawing1
     0000199B  .plot                              Drawing1
     000019B8  .wrbyte                            Drawing1
     00001A3A  .getpix                            Drawing1
     00001A6F  .wrtchr                            Drawing1
ASxxxx Linker V03.00 + NoICE + sdld,  page 4.
Hexadecimal  [32-Bits]

Area                                    Addr        Size        Decimal Bytes (Attributes)
--------------------------------        ----        ----        ------- ----- ------------
_CODE                               00000200    000019D3 =        6611. bytes (REL,CON)

      Value  Global                              Global Defined In Module
      -----  --------------------------------   ------------------------
     00001AD3  _gotogxy                           Drawing1
     00001ADE  _wrtchr                            Drawing1
     00001AF3  _getpix                            Drawing1
     00001AFF  _color                             Drawing1
     00001B0E  _circle                            Drawing1
     00001B28  _box                               Drawing1
     00001B4C  _line                              Drawing1
     00001B64  _plot_point                        Drawing1
     00001B78  _plot                              Drawing1
     00001B94  _putchar                           font.ms
     00001B9D  _setchar                           font.ms
     00001BA6  _gotoxy                            font.ms
     00001BB1  _posx                              font.ms
     00001BC2  _posy                              font.ms

ASxxxx Linker V03.00 + NoICE + sdld,  page 5.
Hexadecimal  [32-Bits]

Area                                    Addr        Size        Decimal Bytes (Attributes)
--------------------------------        ----        ----        ------- ----- ------------
_HEADER0                            00000000    00000007 =           7. bytes (ABS,CON)

      Value  Global                              Global Defined In Module
      -----  --------------------------------   ------------------------
ASxxxx Linker V03.00 + NoICE + sdld,  page 6.
Hexadecimal  [32-Bits]

Area                                    Addr        Size        Decimal Bytes (Attributes)
--------------------------------        ----        ----        ------- ----- ------------
_HEADER1                            00000000    00000010 =          16. bytes (ABS,CON)

      Value  Global                              Global Defined In Module
      -----  --------------------------------   ------------------------
ASxxxx Linker V03.00 + NoICE + sdld,  page 7.
Hexadecimal  [32-Bits]

Area                                    Addr        Size        Decimal Bytes (Attributes)
--------------------------------        ----        ----        ------- ----- ------------
_HEADER2                            00000000    00000007 =           7. bytes (ABS,CON)

      Value  Global                              Global Defined In Module
      -----  --------------------------------   ------------------------
ASxxxx Linker V03.00 + NoICE + sdld,  page 8.
Hexadecimal  [32-Bits]

Area                                    Addr        Size        Decimal Bytes (Attributes)
--------------------------------        ----        ----        ------- ----- ------------
_HEADER3                            00000000    00000007 =           7. bytes (ABS,CON)

      Value  Global                              Global Defined In Module
      -----  --------------------------------   ------------------------
ASxxxx Linker V03.00 + NoICE + sdld,  page 9.
Hexadecimal  [32-Bits]

Area                                    Addr        Size        Decimal Bytes (Attributes)
--------------------------------        ----        ----        ------- ----- ------------
_HEADER4                            00000000    00000007 =           7. bytes (ABS,CON)

      Value  Global                              Global Defined In Module
      -----  --------------------------------   ------------------------
ASxxxx Linker V03.00 + NoICE + sdld,  page 10.
Hexadecimal  [32-Bits]

Area                                    Addr        Size        Decimal Bytes (Attributes)
--------------------------------        ----        ----        ------- ----- ------------
_HEADER5                            00000000    00000007 =           7. bytes (ABS,CON)

      Value  Global                              Global Defined In Module
      -----  --------------------------------   ------------------------
ASxxxx Linker V03.00 + NoICE + sdld,  page 11.
Hexadecimal  [32-Bits]

Area                                    Addr        Size        Decimal Bytes (Attributes)
--------------------------------        ----        ----        ------- ----- ------------
_HEADER6                            00000000    0000001F =          31. bytes (ABS,CON)

      Value  Global                              Global Defined In Module
      -----  --------------------------------   ------------------------
ASxxxx Linker V03.00 + NoICE + sdld,  page 12.
Hexadecimal  [32-Bits]

Area                                    Addr        Size        Decimal Bytes (Attributes)
--------------------------------        ----        ----        ------- ----- ------------
_HEADER7                            00000000    00000034 =          52. bytes (ABS,CON)

      Value  Global                              Global Defined In Module
      -----  --------------------------------   ------------------------
ASxxxx Linker V03.00 + NoICE + sdld,  page 13.
Hexadecimal  [32-Bits]

Area                                    Addr        Size        Decimal Bytes (Attributes)
--------------------------------        ----        ----        ------- ----- ------------
_HEADER8                            00000000    00000006 =           6. bytes (ABS,CON)

      Value  Global                              Global Defined In Module
      -----  --------------------------------   ------------------------
ASxxxx Linker V03.00 + NoICE + sdld,  page 14.
Hexadecimal  [32-Bits]

Area                                    Addr        Size        Decimal Bytes (Attributes)
--------------------------------        ----        ----        ------- ----- ------------
_HEADER9                            00000000    00000003 =           3. bytes (ABS,CON)

      Value  Global                              Global Defined In Module
      -----  --------------------------------   ------------------------
ASxxxx Linker V03.00 + NoICE + sdld,  page 15.
Hexadecimal  [32-Bits]

Area                                    Addr        Size        Decimal Bytes (Attributes)
--------------------------------        ----        ----        ------- ----- ------------
_HEADERa                            00000000    00000001 =           1. bytes (ABS,CON)

      Value  Global                              Global Defined In Module
      -----  --------------------------------   ------------------------
ASxxxx Linker V03.00 + NoICE + sdld,  page 16.
Hexadecimal  [32-Bits]

Area                                    Addr        Size        Decimal Bytes (Attributes)
--------------------------------        ----        ----        ------- ----- ------------
_HEADERb                            00000000    00000001 =           1. bytes (ABS,CON)

      Value  Global                              Global Defined In Module
      -----  --------------------------------   ------------------------
ASxxxx Linker V03.00 + NoICE + sdld,  page 17.
Hexadecimal  [32-Bits]

Area                                    Addr        Size        Decimal Bytes (Attributes)
--------------------------------        ----        ----        ------- ----- ------------
_HEADERc                            00000000    00000001 =           1. bytes (ABS,CON)

      Value  Global                              Global Defined In Module
      -----  --------------------------------   ------------------------
ASxxxx Linker V03.00 + NoICE + sdld,  page 18.
Hexadecimal  [32-Bits]

Area                                    Addr        Size        Decimal Bytes (Attributes)
--------------------------------        ----        ----        ------- ----- ------------
_HEADERd                            00000000    00000002 =           2. bytes (ABS,CON)

      Value  Global                              Global Defined In Module
      -----  --------------------------------   ------------------------
ASxxxx Linker V03.00 + NoICE + sdld,  page 19.
Hexadecimal  [32-Bits]

Area                                    Addr        Size        Decimal Bytes (Attributes)
--------------------------------        ----        ----        ------- ----- ------------
_HEADERe                            00000000    00000001 =           1. bytes (ABS,CON)

      Value  Global                              Global Defined In Module
      -----  --------------------------------   ------------------------
ASxxxx Linker V03.00 + NoICE + sdld,  page 20.
Hexadecimal  [32-Bits]

Area                                    Addr        Size        Decimal Bytes (Attributes)
--------------------------------        ----        ----        ------- ----- ------------
_HEADERf                            00000000    00000001 =           1. bytes (ABS,CON)

      Value  Global                              Global Defined In Module
      -----  --------------------------------   ------------------------
ASxxxx Linker V03.00 + NoICE + sdld,  page 21.
Hexadecimal  [32-Bits]

Area                                    Addr        Size        Decimal Bytes (Attributes)
--------------------------------        ----        ----        ------- ----- ------------
_HEADER10                           00000000    00000002 =           2. bytes (ABS,CON)

      Value  Global                              Global Defined In Module
      -----  --------------------------------   ------------------------
ASxxxx Linker V03.00 + NoICE + sdld,  page 22.
Hexadecimal  [32-Bits]

Area                                    Addr        Size        Decimal Bytes (Attributes)
--------------------------------        ----        ----        ------- ----- ------------
_HEADER11                           00000000    00000085 =         133. bytes (ABS,CON)

      Value  Global                              Global Defined In Module
      -----  --------------------------------   ------------------------
     000001D2  _exit                              Runtime

ASxxxx Linker V03.00 + NoICE + sdld,  page 23.
Hexadecimal  [32-Bits]

Area                                    Addr        Size        Decimal Bytes (Attributes)
--------------------------------        ----        ----        ------- ----- ------------
_HEADER12                           00000000    00000001 =           1. bytes (ABS,CON)

      Value  Global                              Global Defined In Module
      -----  --------------------------------   ------------------------
ASxxxx Linker V03.00 + NoICE + sdld,  page 24.
Hexadecimal  [32-Bits]

Area                                    Addr        Size        Decimal Bytes (Attributes)
--------------------------------        ----        ----        ------- ----- ------------
_HOME                               00001BD3    000001AC =         428. bytes (REL,CON)

      Value  Global                              Global Defined In Module
      -----  --------------------------------   ------------------------
     00001BD3  .set_mode                          Runtime
     00001BE3  .remove_VBL                        Runtime
     00001BE9  .remove_LCD                        Runtime
     00001BEF  .remove_TIM                        Runtime
     00001BF5  .remove_SIO                        Runtime
     00001BFB  .remove_JOY                        Runtime
     00001C01  .add_VBL                           Runtime
     00001C07  .add_LCD                           Runtime
     00001C0D  .add_TIM                           Runtime
     00001C13  .add_SIO                           Runtime
     00001C19  .add_JOY                           Runtime
     00001C1F  .remove_int                        Runtime
     00001C3F  .add_int                           Runtime
     00001C5B  .wait_vbl_done                     Runtime
     00001C5B  _wait_vbl_done                     Runtime
     00001C72  .display_off                       Runtime
     00001C72  _display_off                       Runtime
     00001C93  .serial_IO                         Runtime
     00001CC2  _mode                              Runtime
     00001CCB  _get_mode                          Runtime
     00001CD0  _enable_interrupts                 Runtime
     00001CD2  _disable_interrupts                Runtime
     00001CD4  .reset                             Runtime
     00001CD4  _reset                             Runtime
     00001CDA  _set_interrupts                    Runtime
     00001CE5  _remove_VBL                        Runtime
     00001CF0  _remove_LCD                        Runtime
     00001CFB  _remove_TIM                        Runtime
     00001D06  _remove_SIO                        Runtime
     00001D11  _remove_JOY                        Runtime
     00001D1C  _add_VBL                           Runtime
     00001D27  _add_LCD                           Runtime
     00001D32  _add_TIM                           Runtime
     00001D3D  _add_SIO                           Runtime
     00001D48  _add_JOY                           Runtime
     00001D53  _clock                             Runtime
     00001D5C  __printTStates                     Runtime
     00001D5D  banked_call                        Runtime
     00001D76  banked_ret                         Runtime
ASxxxx Linker V03.00 + NoICE + sdld,  page 25.
Hexadecimal  [32-Bits]

Area                                    Addr        Size        Decimal Bytes (Attributes)
--------------------------------        ----        ----        ------- ----- ------------
_BASE                               00001D7F    00000F3F =        3903. bytes (REL,CON)

      Value  Global                              Global Defined In Module
      -----  --------------------------------   ------------------------
     00001D7F  .set_sprite_prop                   
     00001D8C  _set_sprite_prop                   
     00001D97  .mv_sprite                         
     00001DA6  _move_sprite                       
     00001DB3  _set_bkg_data                      
     00001DB3  _set_win_data                      
     00001E00  _set_sprite_data                   
     00001E2F  .gmode                             Drawing1
     00001E91  .vbl                               Drawing1
     00001E9C  .lcd                               Drawing1
     00001EA9  .draw_image                        Drawing1
     00001EB3  .switch_data                       Drawing1
     00001EEA  _switch_data                       Drawing1
     00001F05  _draw_image                        Drawing1
     00001F18  .y_table                           Drawing1
     00002038  .padup                             
     00002038  _waitpadup                         
     00002048  .jpad                              
     00002075  .wait_pad                          
     0000207C  _joypad                            
     00002081  _waitpad                           
     0000208B  .set_sprite_tile                   
     00002098  _set_sprite_tile                   
     000020A3  .init_vram                         
     000020B1  .init_wtt                          
     000020C1  .init_btt                          
     000020CF  .init_tt                           
     000020D5  .copy_vram                         
     000020E4  _get_data                          
     000020E4  _set_data                          
     000020F7  _font_load_ibm_fixed               
     000020FE  _font_ibm_fixed                    
     00002200  _font_ibm_fixed_tiles              
     00002A00  font_copy_uncompressed             font.ms
     00002A36  font_copy_compressed               font.ms
     00002A8B  font_load                          font.ms
     00002AD3  font_copy_current                  font.ms
     00002B1B  font_set                           font.ms
     00002B28  .put_char                          font.ms
     00002B41  .out_char                          font.ms
     00002B48  .del_char                          font.ms
     00002BA3  _font_load                         font.ms
     00002BB1  _font_set                          font.ms
     00002BC0  _font_init                         font.ms
     00002BE2  .cls                               font.ms
     00002BE2  _cls                               font.ms
     00002C14  .cr_curs                           font.ms
     00002C29  .adv_curs                          font.ms
     00002C85  .tmode                             font.ms
     00002CAE  .tmode_out                         font.ms

ASxxxx Linker V03.00 + NoICE + sdld,  page 26.
Hexadecimal  [32-Bits]

Area                                    Addr        Size        Decimal Bytes (Attributes)
--------------------------------        ----        ----        ------- ----- ------------
_GSINIT                             00002CBE    00000000 =           0. bytes (REL,CON)

      Value  Global                              Global Defined In Module
      -----  --------------------------------   ------------------------
     00002CBE  gsinit                             Runtime

ASxxxx Linker V03.00 + NoICE + sdld,  page 27.
Hexadecimal  [32-Bits]

Area                                    Addr        Size        Decimal Bytes (Attributes)
--------------------------------        ----        ----        ------- ----- ------------
_GSINITTAIL                         00002CBE    00000001 =           1. bytes (REL,CON)

      Value  Global                              Global Defined In Module
      -----  --------------------------------   ------------------------
ASxxxx Linker V03.00 + NoICE + sdld,  page 28.
Hexadecimal  [32-Bits]

Area                                    Addr        Size        Decimal Bytes (Attributes)
--------------------------------        ----        ----        ------- ----- ------------
_DATA                               0000C0A0    00000307 =         775. bytes (REL,CON)

      Value  Global                              Global Defined In Module
      -----  --------------------------------   ------------------------
     0000C0A0  _data_buffer                       paint
     0000C3A0  _current_tool                      paint
     0000C3A1  _current_color                     paint
     0000C3A2  _current_mode                      paint
     0000C3A3  _current_cursor                    paint
     0000C3A4  _menu_cursor_pos                   paint
     0000C3A5  _cursor_x                          paint
     0000C3A6  _cursor_y                          paint

ASxxxx Linker V03.00 + NoICE + sdld,  page 29.
Hexadecimal  [32-Bits]

Area                                    Addr        Size        Decimal Bytes (Attributes)
--------------------------------        ----        ----        ------- ----- ------------
_BSS                                0000C3A7    00000084 =         132. bytes (REL,CON)

      Value  Global                              Global Defined In Module
      -----  --------------------------------   ------------------------
     0000C3A7  __cpu                              Runtime
     0000C3A8  .mode                              Runtime
     0000C3A9  __io_out                           Runtime
     0000C3AA  __io_in                            Runtime
     0000C3AB  __io_status                        Runtime
     0000C3AC  .vbl_done                          Runtime
     0000C3AD  __current_bank                     Runtime
     0000C3AE  .sys_time                          Runtime
     0000C3AE  _sys_time                          Runtime
     0000C3B0  .int_0x40                          Runtime
     0000C3C0  .int_0x48                          Runtime
     0000C3D0  .int_0x50                          Runtime
     0000C3E0  .int_0x58                          Runtime
     0000C3F0  .int_0x60                          Runtime
     0000C400  .fg_colour                         Drawing1
     0000C401  .bg_colour                         Drawing1
     0000C413  font_current                       font.ms
     0000C416  font_first_free_tile               font.ms
     0000C417  font_table                         font.ms
     0000C429  .curx                              font.ms
     0000C42A  .cury                              font.ms
ASxxxx Linker V03.00 + NoICE + sdld,  page 30.
Hexadecimal  [32-Bits]

Area                                    Addr        Size        Decimal Bytes (Attributes)
--------------------------------        ----        ----        ------- ----- ------------
_HEAP                               0000C42B    00000000 =           0. bytes (REL,CON)

      Value  Global                              Global Defined In Module
      -----  --------------------------------   ------------------------
     0000C42B  _malloc_heap_start                 Runtime

ASxxxx Linker V03.00 + NoICE + sdld,  page 31.

Files Linked                              [ module(s) ]

/home/ahris/Dropbox/LinuxDocuments/AdultWork/CTF2017/gbdk-n/bin/../lib/crt0.rel
                                          [ Runtime ]
./obj/paint.rel                           [ paint ]


Libraries Linked                          [ object file ]

/home/ahris/Dropbox/LinuxDocuments/AdultWork/CTF2017/gbdk-n/bin/../lib/gb.lib
                                          [ set_prop ]
/home/ahris/Dropbox/LinuxDocuments/AdultWork/CTF2017/gbdk-n/bin/../lib/gb.lib
                                          [ mv_spr ]
/home/ahris/Dropbox/LinuxDocuments/AdultWork/CTF2017/gbdk-n/bin/../lib/gb.lib
                                          [ set_data ]
/home/ahris/Dropbox/LinuxDocuments/AdultWork/CTF2017/gbdk-n/bin/../lib/gb.lib
                                          [ drawing ]
/home/ahris/Dropbox/LinuxDocuments/AdultWork/CTF2017/gbdk-n/bin/../lib/gb.lib
                                          [ pad ]
/home/ahris/Dropbox/LinuxDocuments/AdultWork/CTF2017/gbdk-n/bin/../lib/gb.lib
                                          [ set_spr ]
/home/ahris/Dropbox/LinuxDocuments/AdultWork/CTF2017/gbdk-n/bin/../lib/gb.lib
                                          [ init_tt ]
/home/ahris/Dropbox/LinuxDocuments/AdultWork/CTF2017/gbdk-n/bin/../lib/gb.lib
                                          [ cpy_data ]
/home/ahris/Dropbox/LinuxDocuments/AdultWork/CTF2017/gbdk-n/bin/../lib/gb.lib
                                          [ ibmfixed ]
/home/ahris/Dropbox/LinuxDocuments/AdultWork/CTF2017/gbdk-n/bin/../lib/gb.lib
                                          [ font ]

ASxxxx Linker V03.00 + NoICE + sdld,  page 32.

User Base Address Definitions

_CODE = 0x0200
_DATA = 0xc0a0

